ARM Linker, 5.02 [Build 28] [MDK-ARM Lite]

==============================================================================

Section Cross References

    startup_lpc17xx.o(RESET) refers to startup_lpc17xx.o(STACK) for __initial_sp
    startup_lpc17xx.o(RESET) refers to startup_lpc17xx.o(.text) for Reset_Handler
    startup_lpc17xx.o(RESET) refers to hal_cm3.o(.emb_text) for SVC_Handler
    startup_lpc17xx.o(RESET) refers to uart.o(.text) for UART0_IRQHandler
    startup_lpc17xx.o(.text) refers to system_lpc17xx.o(.text) for SystemInit
    startup_lpc17xx.o(.text) refers to entry.o(.ARM.Collect$$$$00000000) for __main
    system_lpc17xx.o(.text) refers to uldiv.o(.text) for __aeabi_uldivmod
    system_lpc17xx.o(.text) refers to system_lpc17xx.o(.data) for SystemCoreClock
    uart.o(.text) refers to uart.o(.data) for RcvLock0
    uart.o(.text) refers to uart.o(.bss) for UART0Buffer
    uart.o(.text) refers to system_lpc17xx.o(.data) for SystemCoreClock
    timer.o(.text) refers to system_lpc17xx.o(.data) for SystemCoreClock
    sensor_fusion.o(.text) refers to fdiv.o(.text) for __aeabi_fdiv
    sensor_fusion.o(.text) refers to fmul.o(.text) for __aeabi_fmul
    sensor_fusion.o(.text) refers to fadd.o(.text) for __aeabi_frsub
    sensor_fusion.o(.text) refers to atan2f.o(i.atan2f) for atan2f
    sensor_fusion.o(.text) refers to asinf.o(i.asinf) for asinf
    sensor_fusion.o(.text) refers to cfcmple.o(.text) for __aeabi_cfcmpeq
    sensor_fusion.o(.text) refers to cfrcmple.o(.text) for __aeabi_cfrcmple
    sensor_fusion.o(.text) refers to sensor_fusion.o(.data) for invSampleFreq
    sensor_fusion.o(.text) refers to sqrtf.o(i.sqrtf) for sqrtf
    retarget.o(.text) refers to uart.o(.text) for UARTInit
    retarget.o(.text) refers to retarget.o(.data) for uart_init_called
    main.o(.text) refers to malloc.o(i.malloc) for malloc
    main.o(.text) refers to cfrcmple.o(.text) for __aeabi_cfrcmple
    main.o(.text) refers to f2d.o(.text) for __aeabi_f2d
    main.o(.text) refers to ffixi.o(.text) for __aeabi_f2iz
    main.o(.text) refers to dflti.o(.text) for __aeabi_i2d
    main.o(.text) refers to dadd.o(.text) for __aeabi_dadd
    main.o(.text) refers to cdrcmple.o(.text) for __aeabi_cdrcmple
    main.o(.text) refers to cdcmple.o(.text) for __aeabi_cdcmple
    main.o(.text) refers to pow.o(i.pow) for pow
    main.o(.text) refers to dfltui.o(.text) for __aeabi_ui2d
    main.o(.text) refers to dfixui.o(.text) for __aeabi_d2uiz
    main.o(.text) refers to glcd_spi_lpc1700.o(.text) for GLCD_PutPixel
    main.o(.text) refers to rand.o(.text) for srand
    main.o(.text) refers to main.o(.data) for CARWIDTH
    main.o(.text) refers to main.o(.bss) for path
    main.o(.text) refers to rt_mutex.o(i.rt_mut_wait) for rt_mut_wait
    main.o(.text) refers to rt_mutex.o(i.rt_mut_release) for rt_mut_release
    main.o(.text) refers to printf1.o(i.__0sprintf$1) for __2sprintf
    main.o(.text) refers to rt_task.o(i.rt_tsk_pass) for rt_tsk_pass
    main.o(.text) refers to main.o(.constdata) for BACKGROUND_pixel_data
    main.o(.text) refers to dmul.o(.text) for __aeabi_dmul
    main.o(.text) refers to ddiv.o(.text) for __aeabi_ddiv
    main.o(.text) refers to cos.o(i.cos) for cos
    main.o(.text) refers to d2f.o(.text) for __aeabi_d2f
    main.o(.text) refers to sin.o(i.sin) for sin
    main.o(.text) refers to timer.o(.text) for timer_read
    main.o(.text) refers to rt_mutex.o(i.rt_mut_init) for rt_mut_init
    main.o(.text) refers to rt_task.o(i.rt_tsk_create) for rt_tsk_create
    main.o(.text) refers to hal_cm3.o(.emb_text) for os_set_env
    main.o(.text) refers to rt_task.o(i.rt_sys_init) for rt_sys_init
    led.o(.text) refers to led.o(.constdata) for led_pos
    glcd_spi_lpc1700.o(.text) refers to glcd_spi_lpc1700.o(.data) for Himax
    glcd_spi_lpc1700.o(.text) refers to glcd_spi_lpc1700.o(.constdata) for Font_6x8_h
    glcd_scroll.o(.text) refers to glcd_spi_lpc1700.o(.text) for GLCD_Init
    glcd_scroll.o(.text) refers to glcd_scroll.o(i.last_line) for last_line
    glcd_scroll.o(.text) refers to glcd_scroll.o(i.last_window_line) for last_window_line
    glcd_scroll.o(.text) refers to glcd_scroll.o(.data) for cache_start
    glcd_scroll.o(.text) refers to glcd_scroll.o(.bss) for chache
    rt_task.o(i.rt_block) refers to rt_list.o(i.rt_put_dly) for rt_put_dly
    rt_task.o(i.rt_block) refers to rt_list.o(i.rt_get_first) for rt_get_first
    rt_task.o(i.rt_block) refers to rt_task.o(i.rt_switch_req) for rt_switch_req
    rt_task.o(i.rt_block) refers to rt_task.o(.data) for .data
    rt_task.o(i.rt_block) refers to rt_list.o(.bss) for os_rdy
    rt_task.o(i.rt_dispatch) refers to rt_list.o(i.rt_put_rdy_first) for rt_put_rdy_first
    rt_task.o(i.rt_dispatch) refers to rt_task.o(i.rt_switch_req) for rt_switch_req
    rt_task.o(i.rt_dispatch) refers to rt_list.o(i.rt_get_first) for rt_get_first
[...]
    malloc.o(i.malloc) refers to mvars.o(.data) for __microlib_freelist_initialised
    malloc.o(i.malloc) refers to mvars.o(.data) for __microlib_freelist
    malloc.o(i.malloc) refers to startup_lpc17xx.o(HEAP) for __heap_base
    mallocr.o(i.__free$realloc) refers to mvars.o(.data) for __microlib_freelist
    mallocr.o(i.__malloc$realloc) refers to mallocr.o(i.internal_alloc) for internal_alloc
    mallocr.o(i.__malloc$realloc) refers to mvars.o(.data) for __microlib_freelist_initialised
    mallocr.o(i.__malloc$realloc) refers to startup_lpc17xx.o(HEAP) for __heap_base
    mallocr.o(i.__malloc$realloc) refers to mvars.o(.data) for __microlib_freelist
    mallocr.o(i.internal_alloc) refers to memcpya.o(.text) for __aeabi_memcpy
    mallocr.o(i.internal_alloc) refers to mvars.o(.data) for __microlib_freelist
    mallocr.o(i.realloc) refers to mallocr.o(i.__free$realloc) for __free$realloc
    mallocr.o(i.realloc) refers to mallocr.o(i.internal_alloc) for internal_alloc
    mallocr.o(i.realloc) refers to mallocr.o(i.__malloc$realloc) for __malloc$realloc
    mallocr.o(i.realloc) refers to mvars.o(.data) for __microlib_freelist
    malloca.o(i.__aligned_malloc) refers to mvars.o(.data) for __microlib_freelist_initialised
    malloca.o(i.__aligned_malloc) refers to mvars.o(.data) for __microlib_freelist
    malloca.o(i.__aligned_malloc) refers to startup_lpc17xx.o(HEAP) for __heap_base
    malloca.o(i.__free$memalign) refers to mvars.o(.data) for __microlib_freelist
    malloca.o(i.__malloc$memalign) refers to malloca.o(i.__aligned_malloc) for __aligned_malloc
    mallocra.o(i.__aligned_malloc$realloc) refers to mallocra.o(i.internal_alloc) for internal_alloc
    mallocra.o(i.__aligned_malloc$realloc) refers to mvars.o(.data) for __microlib_freelist_initialised
    mallocra.o(i.__aligned_malloc$realloc) refers to startup_lpc17xx.o(HEAP) for __heap_base
    mallocra.o(i.__aligned_malloc$realloc) refers to mvars.o(.data) for __microlib_freelist
    mallocra.o(i.__free$realloc$memalign) refers to mvars.o(.data) for __microlib_freelist
    mallocra.o(i.__malloc$realloc$memalign) refers to mallocra.o(i.__aligned_malloc$realloc) for __aligned_malloc$realloc
    mallocra.o(i.__realloc$memalign) refers to mallocra.o(i.__free$realloc$memalign) for __free$realloc$memalign
    mallocra.o(i.__realloc$memalign) refers to mallocra.o(i.internal_alloc) for internal_alloc
    mallocra.o(i.__realloc$memalign) refers to mallocra.o(i.__malloc$realloc$memalign) for __malloc$realloc$memalign
    mallocra.o(i.__realloc$memalign) refers to mvars.o(.data) for __microlib_freelist
    mallocra.o(i.internal_alloc) refers to memcpya.o(.text) for __aeabi_memcpy
    mallocra.o(i.internal_alloc) refers to mvars.o(.data) for __microlib_freelist
    fadd.o(.text) refers (Special) to iusefp.o(.text) for __I$use$fp
    fadd.o(.text) refers to fepilogue.o(.text) for _float_epilogue
    fmul.o(.text) refers (Special) to iusefp.o(.text) for __I$use$fp
    fdiv.o(.text) refers (Special) to iusefp.o(.text) for __I$use$fp
    fdiv.o(.text) refers to fepilogue.o(.text) for _float_round
    dadd.o(.text) refers (Special) to iusefp.o(.text) for __I$use$fp
    dadd.o(.text) refers to llshl.o(.text) for __aeabi_llsl
    dadd.o(.text) refers to llsshr.o(.text) for __aeabi_lasr
    dadd.o(.text) refers to depilogue.o(.text) for _double_epilogue
    dmul.o(.text) refers (Special) to iusefp.o(.text) for __I$use$fp
    dmul.o(.text) refers to depilogue.o(.text) for _double_epilogue
    ddiv.o(.text) refers (Special) to iusefp.o(.text) for __I$use$fp
    ddiv.o(.text) refers to depilogue.o(.text) for _double_round
    dflti.o(.text) refers (Special) to iusefp.o(.text) for __I$use$fp
    dflti.o(.text) refers to depilogue.o(.text) for _double_epilogue
    dfltui.o(.text) refers (Special) to iusefp.o(.text) for __I$use$fp
    dfltui.o(.text) refers to depilogue.o(.text) for _double_epilogue
    ffixi.o(.text) refers (Special) to iusefp.o(.text) for __I$use$fp
    dfixui.o(.text) refers (Special) to iusefp.o(.text) for __I$use$fp
    dfixui.o(.text) refers to llushr.o(.text) for __aeabi_llsr
    f2d.o(.text) refers (Special) to iusefp.o(.text) for __I$use$fp
    cdcmple.o(.text) refers (Special) to iusefp.o(.text) for __I$use$fp
    cdrcmple.o(.text) refers (Special) to iusefp.o(.text) for __I$use$fp
    d2f.o(.text) refers (Special) to iusefp.o(.text) for __I$use$fp
    d2f.o(.text) refers to fepilogue.o(.text) for _float_round
    cfcmple.o(.text) refers (Special) to iusefp.o(.text) for __I$use$fp
    cfrcmple.o(.text) refers (Special) to iusefp.o(.text) for __I$use$fp
    cos_i.o(i.__kernel_cos) refers (Special) to iusefp.o(.text) for __I$use$fp
    cos_i.o(i.__kernel_cos) refers to dfixi.o(.text) for __aeabi_d2iz
    cos_i.o(i.__kernel_cos) refers to dmul.o(.text) for __aeabi_dmul
    cos_i.o(i.__kernel_cos) refers to poly.o(i.__kernel_poly) for __kernel_poly
    cos_i.o(i.__kernel_cos) refers to dadd.o(.text) for __aeabi_dsub
    cos_i.o(i.__kernel_cos) refers to dscalb.o(.text) for __ARM_scalbn
    cos_i.o(i.__kernel_cos) refers to cos_i.o(.constdata) for .constdata
    cos_i.o(.constdata) refers (Special) to iusefp.o(.text) for __I$use$fp
    dunder.o(i.__mathlib_dbl_underflow) refers to dscalb.o(.text) for __ARM_scalbn
    fpclassify.o(i.__ARM_fpclassify) refers (Special) to iusefp.o(.text) for __I$use$fp
    fpclassifyf.o(i.__ARM_fpclassifyf) refers (Special) to iusefp.o(.text) for __I$use$fp
    funder.o(i.__mathlib_flt_underflow) refers to fscalb.o(.text) for __ARM_scalbnf
    poly.o(i.__kernel_poly) refers (Special) to iusefp.o(.text) for __I$use$fp
    poly.o(i.__kernel_poly) refers to dmul.o(.text) for __aeabi_dmul
    poly.o(i.__kernel_poly) refers to dadd.o(.text) for __aeabi_dadd
    qnan.o(.constdata) refers (Special) to iusefp.o(.text) for __I$use$fp
    rred.o(i.__ieee754_rem_pio2) refers (Special) to iusefp.o(.text) for __I$use$fp
    rred.o(i.__ieee754_rem_pio2) refers to dadd.o(.text) for __aeabi_dsub
    rred.o(i.__ieee754_rem_pio2) refers to dmul.o(.text) for __aeabi_dmul
    rred.o(i.__ieee754_rem_pio2) refers to dfixi.o(.text) for __aeabi_d2iz
    rred.o(i.__ieee754_rem_pio2) refers to dflti.o(.text) for __aeabi_i2d
    rred.o(i.__ieee754_rem_pio2) refers to dfltui.o(.text) for __aeabi_ui2d
    rred.o(i.__ieee754_rem_pio2) refers to dscalb.o(.text) for __ARM_scalbn
    rred.o(i.__ieee754_rem_pio2) refers to rred.o(.constdata) for .constdata
    rred.o(i.__use_accurate_range_reduction) refers (Special) to iusefp.o(.text) for __I$use$fp
    rred.o(.constdata) refers (Special) to iusefp.o(.text) for __I$use$fp
    sin_i.o(i.__kernel_sin) refers (Special) to iusefp.o(.text) for __I$use$fp
    sin_i.o(i.__kernel_sin) refers to fpclassify.o(i.__ARM_fpclassify) for __ARM_fpclassify
    sin_i.o(i.__kernel_sin) refers to dunder.o(i.__mathlib_dbl_underflow) for __mathlib_dbl_underflow
    sin_i.o(i.__kernel_sin) refers to dmul.o(.text) for __aeabi_dmul
    sin_i.o(i.__kernel_sin) refers to poly.o(i.__kernel_poly) for __kernel_poly
    sin_i.o(i.__kernel_sin) refers to dscalb.o(.text) for __ARM_scalbn
    sin_i.o(i.__kernel_sin) refers to dadd.o(.text) for __aeabi_dsub
    sin_i.o(i.__kernel_sin) refers to sin_i.o(.constdata) for .constdata
    sin_i.o(.constdata) refers (Special) to iusefp.o(.text) for __I$use$fp
    sin_i_x.o(i.____kernel_sin$lsc) refers (Special) to iusefp.o(.text) for __I$use$fp
    sin_i_x.o(i.____kernel_sin$lsc) refers to dmul.o(.text) for __aeabi_dmul
    sin_i_x.o(i.____kernel_sin$lsc) refers to poly.o(i.__kernel_poly) for __kernel_poly
    sin_i_x.o(i.____kernel_sin$lsc) refers to dscalb.o(.text) for __ARM_scalbn
    sin_i_x.o(i.____kernel_sin$lsc) refers to dadd.o(.text) for __aeabi_dsub
    sin_i_x.o(i.____kernel_sin$lsc) refers to sin_i_x.o(.constdata) for .constdata
    sin_i_x.o(.constdata) refers (Special) to iusefp.o(.text) for __I$use$fp
    sqrt.o(i.__softfp_sqrt) refers (Special) to iusefp.o(.text) for __I$use$fp
    sqrt.o(i.__softfp_sqrt) refers to dsqrt.o(.text) for _dsqrt
    sqrt.o(i.__softfp_sqrt) refers to errno.o(i.__set_errno) for __set_errno
    sqrt.o(i.sqrt) refers (Special) to iusefp.o(.text) for __I$use$fp
    sqrt.o(i.sqrt) refers to dsqrt.o(.text) for _dsqrt
    sqrt.o(i.sqrt) refers to errno.o(i.__set_errno) for __set_errno
    sqrt_x.o(i.____softfp_sqrt$lsc) refers (Special) to iusefp.o(.text) for __I$use$fp
    sqrt_x.o(i.____softfp_sqrt$lsc) refers to cdcmple.o(.text) for __aeabi_cdcmple
    sqrt_x.o(i.____softfp_sqrt$lsc) refers to errno.o(i.__set_errno) for __set_errno
    sqrt_x.o(i.____softfp_sqrt$lsc) refers to dsqrt.o(.text) for _dsqrt
    sqrt_x.o(i.__sqrt$lsc) refers (Special) to iusefp.o(.text) for __I$use$fp
    sqrt_x.o(i.__sqrt$lsc) refers to cdcmple.o(.text) for __aeabi_cdcmple
    sqrt_x.o(i.__sqrt$lsc) refers to errno.o(i.__set_errno) for __set_errno
    sqrt_x.o(i.__sqrt$lsc) refers to dsqrt.o(.text) for _dsqrt
    entry2.o(.ARM.Collect$$$$00000001) refers to entry2.o(.ARM.Collect$$$$00002712) for __lit__00000000
    entry2.o(.ARM.Collect$$$$00002712) refers to startup_lpc17xx.o(STACK) for __initial_sp
    entry2.o(__vectab_stack_and_reset_area) refers to startup_lpc17xx.o(STACK) for __initial_sp
    entry2.o(__vectab_stack_and_reset_area) refers to entry.o(.ARM.Collect$$$$00000000) for __main
    entry5.o(.ARM.Collect$$$$00000004) refers to init.o(.text) for __scatterload
    entry8.o(.ARM.Collect$$$$00000009) refers to main.o(.text) for main
    errno.o(i.__aeabi_errno_addr) refers to errno.o(.data) for .data
    errno.o(i.__read_errno) refers to errno.o(.data) for .data
    errno.o(i.__set_errno) refers to errno.o(.data) for .data
    fsqrt.o(.text) refers to fepilogue.o(.text) for _float_round
    depilogue.o(.text) refers to llshl.o(.text) for __aeabi_llsl
    depilogue.o(.text) refers to llushr.o(.text) for __aeabi_llsr
    dfixul.o(.text) refers to llushr.o(.text) for __aeabi_llsr
    dfixul.o(.text) refers to llshl.o(.text) for __aeabi_llsl
    init.o(.text) refers to entry5.o(.ARM.Collect$$$$00000004) for __main_after_scatterload
    dsqrt.o(.text) refers to llushr.o(.text) for __aeabi_llsr
    dsqrt.o(.text) refers to depilogue.o(.text) for _double_round
    dfixi.o(.text) refers to llushr.o(.text) for __aeabi_llsr
    glcd_scroll.o(i.last_line) refers to glcd_scroll.o(.data) for cache_start
    glcd_scroll.o(i.last_window_line) refers to glcd_scroll.o(.data) for window_start


==============================================================================

Removing Unused input sections from the image.

    Removing system_lpc17xx.o(.rev16_text), (4 bytes).
    Removing system_lpc17xx.o(.revsh_text), (4 bytes).
    Removing uart.o(.rev16_text), (4 bytes).
    Removing uart.o(.revsh_text), (4 bytes).
    Removing timer.o(.rev16_text), (4 bytes).
    Removing timer.o(.revsh_text), (4 bytes).
    Removing sensor_fusion.o(.text), (3624 bytes).
    Removing sensor_fusion.o(.data), (53 bytes).
    Removing retarget.o(.text), (160 bytes).
    Removing retarget.o(.data), (12 bytes).
    Removing main.o(.rev16_text), (4 bytes).
    Removing main.o(.revsh_text), (4 bytes).
    Removing led.o(.rev16_text), (4 bytes).
    Removing led.o(.revsh_text), (4 bytes).
    Removing led.o(.text), (132 bytes).
    Removing led.o(.constdata), (8 bytes).
    Removing glcd_spi_lpc1700.o(.rev16_text), (4 bytes).
    Removing glcd_spi_lpc1700.o(.revsh_text), (4 bytes).
    Removing glcd_scroll.o(.rev16_text), (4 bytes).
    Removing glcd_scroll.o(.revsh_text), (4 bytes).
    Removing glcd_scroll.o(.text), (852 bytes).
    Removing glcd_scroll.o(.bss), (525 bytes).
    Removing glcd_scroll.o(.data), (20 bytes).
    Removing ece_spi.o(.rev16_text), (4 bytes).
    Removing ece_spi.o(.revsh_text), (4 bytes).
    Removing ece_spi.o(.text), (252 bytes).
    Removing background.o(.constdata), (1301 bytes).
    Removing car1.o(.data), (1301 bytes).
    Removing car2.o(.data), (1301 bytes).
    Removing canister.o(.constdata), (433 bytes).
    Removing finish_line.o(.constdata), (129 bytes).
    Removing rt_task.o(i.rt_tsk_delete), (188 bytes).
    Removing rt_task.o(i.rt_tsk_prio), (128 bytes).
    Removing rt_task.o(i.rt_tsk_self), (16 bytes).
    Removing rt_system.o(.emb_text), (0 bytes).
    Removing rt_system.o(i.rt_psh_req), (32 bytes).
    Removing rt_system.o(i.rt_resume), (176 bytes).
    Removing rt_system.o(i.rt_suspend), (44 bytes).
    Removing rt_system.o(i.rt_tsk_lock), (80 bytes).
    Removing rt_system.o(i.rt_tsk_unlock), (80 bytes).
    Removing rt_list.o(i.rt_psq_enq), (88 bytes).
    Removing rt_membox.o(i._calloc_box), (30 bytes).
    Removing rt_event.o(i.isr_evt_set), (40 bytes).
    Removing rt_event.o(i.rt_evt_clr), (28 bytes).
    Removing rt_event.o(i.rt_evt_get), (12 bytes).
    Removing rt_event.o(i.rt_evt_set), (96 bytes).
    Removing rt_event.o(i.rt_evt_wait), (64 bytes).
    Removing rt_mailbox.o(i.isr_mbx_receive), (84 bytes).
    Removing rt_mailbox.o(i.isr_mbx_send), (14 bytes).
    Removing rt_mailbox.o(i.rt_mbx_check), (8 bytes).
    Removing rt_mailbox.o(i.rt_mbx_init), (26 bytes).
    Removing rt_mailbox.o(i.rt_mbx_send), (160 bytes).
    Removing rt_mailbox.o(i.rt_mbx_wait), (184 bytes).
    Removing rt_semaphore.o(i.isr_sem_send), (16 bytes).
    Removing rt_semaphore.o(i.rt_sem_init), (12 bytes).
    Removing rt_semaphore.o(i.rt_sem_send), (56 bytes).
    Removing rt_semaphore.o(i.rt_sem_wait), (60 bytes).
    Removing rt_time.o(i.rt_dly_wait), (6 bytes).
    Removing rt_time.o(i.rt_itv_set), (24 bytes).
    Removing rt_time.o(i.rt_itv_wait), (44 bytes).
    Removing rt_time.o(i.rt_time_get), (12 bytes).
    Removing rt_timer.o(i.rt_tmr_create), (80 bytes).
    Removing rt_timer.o(i.rt_tmr_kill), (52 bytes).
    Removing fadd.o(.text), (176 bytes).
    Removing fmul.o(.text), (108 bytes).
    Removing fdiv.o(.text), (128 bytes).
    Removing cfcmple.o(.text), (20 bytes).
    Removing fscalb.o(.text), (24 bytes).
    Removing fsqrt.o(.text), (94 bytes).
    Removing dfixul.o(.text), (48 bytes).
    Removing glcd_scroll.o(i.last_line), (32 bytes).
    Removing glcd_scroll.o(i.last_window_line), (32 bytes).

72 unused section(s) (total 12769 bytes) removed from the image.

==============================================================================

Image Symbol Table

    Local Symbols

    Symbol Name                              Value     Ov Type        Size  Object(Section)

    RESET                                    0x00000000   Section      204  startup_lpc17xx.o(RESET)
    ../clib/../cmprslib/lz77c.c              0x00000000   Number         0  __dclz77c.o ABSOLUTE
    ../clib/microlib/division.c              0x00000000   Number         0  uidiv.o ABSOLUTE
    ../clib/microlib/division.c              0x00000000   Number         0  uldiv.o ABSOLUTE
    ../clib/microlib/errno.c                 0x00000000   Number         0  errno.o ABSOLUTE
    ../clib/microlib/init/entry.s            0x00000000   Number         0  entry7b.o ABSOLUTE
    ../clib/microlib/init/entry.s            0x00000000   Number         0  entry8.o ABSOLUTE
    ../clib/microlib/init/entry.s            0x00000000   Number         0  entry.o ABSOLUTE
    ../clib/microlib/init/entry.s            0x00000000   Number         0  entry2.o ABSOLUTE
    ../clib/microlib/init/entry.s            0x00000000   Number         0  entry7a.o ABSOLUTE
    ../clib/microlib/init/entry.s            0x00000000   Number         0  entry5.o ABSOLUTE
    ../clib/microlib/longlong.c              0x00000000   Number         0  llsshr.o ABSOLUTE
    ../clib/microlib/longlong.c              0x00000000   Number         0  llshl.o ABSOLUTE
    ../clib/microlib/longlong.c              0x00000000   Number         0  llushr.o ABSOLUTE
    ../clib/microlib/malloc/malloc.c         0x00000000   Number         0  mallocr.o ABSOLUTE
    ../clib/microlib/malloc/malloc.c         0x00000000   Number         0  mallocra.o ABSOLUTE
    ../clib/microlib/malloc/malloc.c         0x00000000   Number         0  malloca.o ABSOLUTE
    ../clib/microlib/malloc/malloc.c         0x00000000   Number         0  malloc.o ABSOLUTE
    ../clib/microlib/malloc/mvars.c          0x00000000   Number         0  mvars.o ABSOLUTE
    ../clib/microlib/printf/printf.c         0x00000000   Number         0  printf7.o ABSOLUTE
    ../clib/microlib/printf/printf.c         0x00000000   Number         0  printf6.o ABSOLUTE
    ../clib/microlib/printf/printf.c         0x00000000   Number         0  printf1.o ABSOLUTE
    ../clib/microlib/printf/printf.c         0x00000000   Number         0  printf5.o ABSOLUTE
    ../clib/microlib/printf/printf.c         0x00000000   Number         0  printf0.o ABSOLUTE
    ../clib/microlib/printf/printf.c         0x00000000   Number         0  printfb.o ABSOLUTE
    ../clib/microlib/printf/printf.c         0x00000000   Number         0  printf4.o ABSOLUTE
    ../clib/microlib/printf/printf.c         0x00000000   Number         0  printf3.o ABSOLUTE
    ../clib/microlib/printf/printf.c         0x00000000   Number         0  printf2.o ABSOLUTE
    ../clib/microlib/printf/printf.c         0x00000000   Number         0  printfa.o ABSOLUTE
    ../clib/microlib/printf/printf.c         0x00000000   Number         0  printf8.o ABSOLUTE
    ../clib/microlib/printf/stubs.s          0x00000000   Number         0  stubs.o ABSOLUTE
    ../clib/microlib/stdlib/rand.c           0x00000000   Number         0  rand.o ABSOLUTE
    ../clib/microlib/string/memcpy.c         0x00000000   Number         0  memcpya.o ABSOLUTE
    ../clib/microlib/string/memcpy.c         0x00000000   Number         0  memcpyb.o ABSOLUTE
    ../clib/microlib/stubs.s                 0x00000000   Number         0  iusefp.o ABSOLUTE
    ../fplib/microlib/d2f.c                  0x00000000   Number         0  d2f.o ABSOLUTE
    ../fplib/microlib/f2d.c                  0x00000000   Number         0  f2d.o ABSOLUTE
    ../fplib/microlib/fpadd.c                0x00000000   Number         0  dadd.o ABSOLUTE
    ../fplib/microlib/fpadd.c                0x00000000   Number         0  fadd.o ABSOLUTE
    ../fplib/microlib/fpdiv.c                0x00000000   Number         0  ddiv.o ABSOLUTE
    ../fplib/microlib/fpdiv.c                0x00000000   Number         0  fdiv.o ABSOLUTE
    ../fplib/microlib/fpepilogue.c           0x00000000   Number         0  depilogue.o ABSOLUTE
    ../fplib/microlib/fpepilogue.c           0x00000000   Number         0  fepilogue.o ABSOLUTE
    ../fplib/microlib/fpfix.c                0x00000000   Number         0  ffixi.o ABSOLUTE
    ../fplib/microlib/fpfix.c                0x00000000   Number         0  dfixi.o ABSOLUTE
    ../fplib/microlib/fpfix.c                0x00000000   Number         0  dfixul.o ABSOLUTE
    ../fplib/microlib/fpfix.c                0x00000000   Number         0  dfixui.o ABSOLUTE
    ../fplib/microlib/fpflt.c                0x00000000   Number         0  dflti.o ABSOLUTE
    ../fplib/microlib/fpflt.c                0x00000000   Number         0  dfltui.o ABSOLUTE
    ../fplib/microlib/fpmul.c                0x00000000   Number         0  dmul.o ABSOLUTE
    ../fplib/microlib/fpmul.c                0x00000000   Number         0  fmul.o ABSOLUTE
    ../fplib/microlib/fpscalb.c              0x00000000   Number         0  dscalb.o ABSOLUTE
    ../fplib/microlib/fpscalb.c              0x00000000   Number         0  fscalb.o ABSOLUTE
    ../fplib/microlib/fpsqrt.c               0x00000000   Number         0  dsqrt.o ABSOLUTE
    ../fplib/microlib/fpsqrt.c               0x00000000   Number         0  fsqrt.o ABSOLUTE
    ../mathlib/asinf.c                       0x00000000   Number         0  asinf_x.o ABSOLUTE
    ../mathlib/asinf.c                       0x00000000   Number         0  asinf.o ABSOLUTE
    ../mathlib/atan2f.c                      0x00000000   Number         0  atan2f_x.o ABSOLUTE
    ../mathlib/atan2f.c                      0x00000000   Number         0  atan2f.o ABSOLUTE
    ../mathlib/cos.c                         0x00000000   Number         0  cos.o ABSOLUTE
    ../mathlib/cos.c                         0x00000000   Number         0  cos_x.o ABSOLUTE
    ../mathlib/cos_i.c                       0x00000000   Number         0  cos_i.o ABSOLUTE
    ../mathlib/dunder.c                      0x00000000   Number         0  dunder.o ABSOLUTE
    ../mathlib/fpclassify.c                  0x00000000   Number         0  fpclassify.o ABSOLUTE
    ../mathlib/fpclassifyf.c                 0x00000000   Number         0  fpclassifyf.o ABSOLUTE
    ../mathlib/funder.c                      0x00000000   Number         0  funder.o ABSOLUTE
    ../mathlib/poly.c                        0x00000000   Number         0  poly.o ABSOLUTE
    ../mathlib/pow.c                         0x00000000   Number         0  pow.o ABSOLUTE
    ../mathlib/pow.c                         0x00000000   Number         0  pow_x.o ABSOLUTE
    ../mathlib/qnan.c                        0x00000000   Number         0  qnan.o ABSOLUTE
    ../mathlib/rred.c                        0x00000000   Number         0  rred.o ABSOLUTE
    ../mathlib/sin.c                         0x00000000   Number         0  sin_x.o ABSOLUTE
    ../mathlib/sin.c                         0x00000000   Number         0  sin.o ABSOLUTE
    ../mathlib/sin_i.c                       0x00000000   Number         0  sin_i_x.o ABSOLUTE
    ../mathlib/sin_i.c                       0x00000000   Number         0  sin_i.o ABSOLUTE
    ../mathlib/sqrt.c                        0x00000000   Number         0  sqrt.o ABSOLUTE
    ../mathlib/sqrt.c                        0x00000000   Number         0  sqrt_x.o ABSOLUTE
    ../mathlib/sqrtf.c                       0x00000000   Number         0  sqrtf.o ABSOLUTE
    ../mathlib/sqrtf.c                       0x00000000   Number         0  sqrtf_x.o ABSOLUTE
    C:\Software\Keil\ARM\Startup\NXP\LPC17xx\system_LPC17xx.c 0x00000000   Number         0  system_lpc17xx.o ABSOLUTE
    C:\\Software\\Keil\\ARM\\Startup\\NXP\\LPC17xx\\system_LPC17xx.c 0x00000000   Number         0  system_lpc17xx.o ABSOLUTE
    GLCD_SPI_LPC1700.c                       0x00000000   Number         0  glcd_spi_lpc1700.o ABSOLUTE
    GLCD_SPI_LPC1700.c                       0x00000000   Number         0  glcd_spi_lpc1700.o ABSOLUTE
    GLCD_Scroll.c                            0x00000000   Number         0  glcd_scroll.o ABSOLUTE
    GLCD_Scroll.c                            0x00000000   Number         0  glcd_scroll.o ABSOLUTE
    RTX_config.c                             0x00000000   Number         0  rtx_config.o ABSOLUTE
    Retarget.c                               0x00000000   Number         0  retarget.o ABSOLUTE
    SRC\CM\HAL_CM3.c                         0x00000000   Number         0  hal_cm3.o ABSOLUTE
    SRC\CM\SVC_Table.s                       0x00000000   Number         0  SVC_Table.o ABSOLUTE
    SRC\CM\rt_Event.c                        0x00000000   Number         0  rt_event.o ABSOLUTE
    SRC\CM\rt_List.c                         0x00000000   Number         0  rt_list.o ABSOLUTE
    SRC\CM\rt_Mailbox.c                      0x00000000   Number         0  rt_mailbox.o ABSOLUTE
    SRC\CM\rt_MemBox.c                       0x00000000   Number         0  rt_membox.o ABSOLUTE
    SRC\CM\rt_Mutex.c                        0x00000000   Number         0  rt_mutex.o ABSOLUTE
    SRC\CM\rt_Robin.c                        0x00000000   Number         0  rt_robin.o ABSOLUTE
    SRC\CM\rt_Semaphore.c                    0x00000000   Number         0  rt_semaphore.o ABSOLUTE
    SRC\CM\rt_System.c                       0x00000000   Number         0  rt_system.o ABSOLUTE
    SRC\CM\rt_Task.c                         0x00000000   Number         0  rt_task.o ABSOLUTE
    SRC\CM\rt_Time.c                         0x00000000   Number         0  rt_time.o ABSOLUTE
    SRC\CM\rt_Timer.c                        0x00000000   Number         0  rt_timer.o ABSOLUTE
    SRC\\CM\\HAL_CM3.c                       0x00000000   Number         0  hal_cm3.o ABSOLUTE
    SRC\\CM\\rt_System.c                     0x00000000   Number         0  rt_system.o ABSOLUTE
    background.c                             0x00000000   Number         0  background.o ABSOLUTE
    canister.c                               0x00000000   Number         0  canister.o ABSOLUTE
    car1.c                                   0x00000000   Number         0  car1.o ABSOLUTE
    car2.c                                   0x00000000   Number         0  car2.o ABSOLUTE
    cdcmple.s                                0x00000000   Number         0  cdcmple.o ABSOLUTE
    cdrcmple.s                               0x00000000   Number         0  cdrcmple.o ABSOLUTE
    cfcmple.s                                0x00000000   Number         0  cfcmple.o ABSOLUTE
    cfrcmple.s                               0x00000000   Number         0  cfrcmple.o ABSOLUTE
    dc.s                                     0x00000000   Number         0  dc.o ABSOLUTE
    ece_spi.c                                0x00000000   Number         0  ece_spi.o ABSOLUTE
    ece_spi.c                                0x00000000   Number         0  ece_spi.o ABSOLUTE
    finish_line.c                            0x00000000   Number         0  finish_line.o ABSOLUTE
    handlers.s                               0x00000000   Number         0  handlers.o ABSOLUTE
    init.s                                   0x00000000   Number         0  init.o ABSOLUTE
    led.c                                    0x00000000   Number         0  led.o ABSOLUTE
    led.c                                    0x00000000   Number         0  led.o ABSOLUTE
    main.c                                   0x00000000   Number         0  main.o ABSOLUTE
    main.c                                   0x00000000   Number         0  main.o ABSOLUTE
    sensor_fusion.c                          0x00000000   Number         0  sensor_fusion.o ABSOLUTE
    startup_LPC17xx.s                        0x00000000   Number         0  startup_lpc17xx.o ABSOLUTE
    timer.c                                  0x00000000   Number         0  timer.o ABSOLUTE
    timer.c                                  0x00000000   Number         0  timer.o ABSOLUTE
    uart.c                                   0x00000000   Number         0  uart.o ABSOLUTE
    uart.c                                   0x00000000   Number         0  uart.o ABSOLUTE
    .ARM.Collect$$$$00000000                 0x000000cc   Section        0  entry.o(.ARM.Collect$$$$00000000)
    .ARM.Collect$$$$00000001                 0x000000cc   Section        4  entry2.o(.ARM.Collect$$$$00000001)
    .ARM.Collect$$$$00000004                 0x000000d0   Section        4  entry5.o(.ARM.Collect$$$$00000004)
    .ARM.Collect$$$$00000008                 0x000000d4   Section        0  entry7b.o(.ARM.Collect$$$$00000008)
    .ARM.Collect$$$$00000009                 0x000000d4   Section        8  entry8.o(.ARM.Collect$$$$00000009)
    .ARM.Collect$$$$00002712                 0x000000dc   Section        4  entry2.o(.ARM.Collect$$$$00002712)
    __lit__00000000                          0x000000dc   Data           4  entry2.o(.ARM.Collect$$$$00002712)
    .emb_text                                0x000000e0   Section      340  hal_cm3.o(.emb_text)
    .text                                    0x00000234   Section       36  startup_lpc17xx.o(.text)
    .text                                    0x00000258   Section        0  timer.o(.text)
    .text                                    0x000002a0   Section        0  rtx_config.o(.text)
    .text                                    0x000002ac   Section        0  rand.o(.text)
    .text                                    0x000002d0   Section        0  dflti.o(.text)
    .text                                    0x000002f2   Section        0  iusefp.o(.text)
    SVC_TABLE                                0x000002f4   Section        4  SVC_Table.o(SVC_TABLE)
    i.__scatterload_null                     0x000002f8   Section        2  handlers.o(i.__scatterload_null)
    i.os_tick_irqack                         0x000002fa   Section        0  rt_system.o(i.os_tick_irqack)
    .ARM.__at_0x02FC                         0x000002fc   Section        4  startup_lpc17xx.o(.ARM.__at_0x02FC)
    .text                                    0x00000300   Section        0  system_lpc17xx.o(.text)
    .text                                    0x00000618   Section        0  uart.o(.text)
    NVIC_EnableIRQ                           0x00000971   Thumb Code    24  uart.o(.text)
    .text                                    0x000009c4   Section        0  main.o(.text)
    .text                                    0x00001bdc   Section        0  glcd_spi_lpc1700.o(.text)
    delay                                    0x00001bdd   Thumb Code    14  glcd_spi_lpc1700.o(.text)
    spi_tran_man                             0x00001beb   Thumb Code   124  glcd_spi_lpc1700.o(.text)
    wr_cmd                                   0x00001c67   Thumb Code    36  glcd_spi_lpc1700.o(.text)
    wr_dat                                   0x00001c8b   Thumb Code    36  glcd_spi_lpc1700.o(.text)
    rd_reg                                   0x00001caf   Thumb Code    66  glcd_spi_lpc1700.o(.text)
    rd_id_man                                0x00001cf1   Thumb Code   132  glcd_spi_lpc1700.o(.text)
    spi_tran                                 0x00002815   Thumb Code    26  glcd_spi_lpc1700.o(.text)
    wr_dat_start                             0x0000282f   Thumb Code    16  glcd_spi_lpc1700.o(.text)
    wr_dat_stop                              0x0000283f   Thumb Code     8  glcd_spi_lpc1700.o(.text)
    wr_dat_only                              0x00002847   Thumb Code    18  glcd_spi_lpc1700.o(.text)
    wr_reg                                   0x00002859   Thumb Code    20  glcd_spi_lpc1700.o(.text)
    .text                                    0x00002874   Section        0  uldiv.o(.text)
    .text                                    0x000028d6   Section        0  dadd.o(.text)
    .text                                    0x00002a24   Section        0  dmul.o(.text)
    .text                                    0x00002b08   Section        0  ddiv.o(.text)
    .text                                    0x00002be6   Section        0  dfltui.o(.text)
    .text                                    0x00002c00   Section        0  ffixi.o(.text)
    .text                                    0x00002c32   Section        0  dfixui.o(.text)
    .text                                    0x00002c64   Section        0  f2d.o(.text)
    .text                                    0x00002c8c   Section       40  cdcmple.o(.text)
    .text                                    0x00002cb4   Section       40  cdrcmple.o(.text)
    .text                                    0x00002cdc   Section        0  d2f.o(.text)
    .text                                    0x00002d14   Section       20  cfrcmple.o(.text)
    .text                                    0x00002d28   Section        0  uidiv.o(.text)
    .text                                    0x00002d54   Section        0  llshl.o(.text)
    .text                                    0x00002d72   Section        0  llushr.o(.text)
    .text                                    0x00002d92   Section        0  llsshr.o(.text)
    .text                                    0x00002db6   Section        0  fepilogue.o(.text)
    .text                                    0x00002e22   Section        0  depilogue.o(.text)
    .text                                    0x00002ee0   Section        0  dscalb.o(.text)
    .text                                    0x00002f10   Section       36  init.o(.text)
    .text                                    0x00002f34   Section        0  dsqrt.o(.text)
    .text                                    0x00002fd6   Section        0  dfixi.o(.text)
    .text                                    0x00003014   Section        0  __dclz77c.o(.text)
    i.__0sprintf$1                           0x00003074   Section        0  printf1.o(i.__0sprintf$1)
    i.__ARM_fpclassify                       0x0000309c   Section        0  fpclassify.o(i.__ARM_fpclassify)
    i.__ieee754_rem_pio2                     0x000030c4   Section        0  rred.o(i.__ieee754_rem_pio2)
    i.__kernel_cos                           0x0000344c   Section        0  cos_i.o(i.__kernel_cos)
    i.__kernel_poly                          0x00003548   Section        0  poly.o(i.__kernel_poly)
    i.__kernel_sin                           0x000035f4   Section        0  sin_i.o(i.__kernel_sin)
    i.__mathlib_dbl_underflow                0x000036e0   Section        0  dunder.o(i.__mathlib_dbl_underflow)
    i.__scatterload_copy                     0x000036f0   Section       14  handlers.o(i.__scatterload_copy)
    i.__scatterload_zeroinit                 0x000036fe   Section       14  handlers.o(i.__scatterload_zeroinit)
    i.__set_errno                            0x0000370c   Section        0  errno.o(i.__set_errno)
    i._init_box                              0x00003718   Section        0  rt_membox.o(i._init_box)
    i._printf_core                           0x00003760   Section        0  printf1.o(i._printf_core)
    _printf_core                             0x00003761   Thumb Code   334  printf1.o(i._printf_core)
    i._sputc                                 0x000038b4   Section        0  printf1.o(i._sputc)
    _sputc                                   0x000038b5   Thumb Code    10  printf1.o(i._sputc)
    i.cos                                    0x000038c0   Section        0  cos.o(i.cos)
    i.dbg_init                               0x0000396c   Section        0  hal_cm3.o(i.dbg_init)
    i.dbg_task_notify                        0x0000399c   Section        0  hal_cm3.o(i.dbg_task_notify)
    i.dbg_task_switch                        0x000039bc   Section        0  hal_cm3.o(i.dbg_task_switch)
    i.malloc                                 0x000039cc   Section        0  malloc.o(i.malloc)
    i.os_tick_init                           0x00003a38   Section        0  rt_system.o(i.os_tick_init)
    i.pow                                    0x00003a60   Section        0  pow.o(i.pow)
    i.rt_alloc_box                           0x00004440   Section        0  rt_membox.o(i.rt_alloc_box)
    i.rt_block                               0x0000445c   Section        0  rt_task.o(i.rt_block)
    i.rt_chk_robin                           0x00004494   Section        0  rt_robin.o(i.rt_chk_robin)
    i.rt_dec_dly                             0x000044dc   Section        0  rt_list.o(i.rt_dec_dly)
    i.rt_dispatch                            0x00004550   Section        0  rt_task.o(i.rt_dispatch)
    i.rt_evt_psh                             0x00004594   Section        0  rt_event.o(i.rt_evt_psh)
    i.rt_free_box                            0x000045e0   Section        0  rt_membox.o(i.rt_free_box)
    i.rt_get_first                           0x00004600   Section        0  rt_list.o(i.rt_get_first)
    i.rt_get_same_rdy_prio                   0x00004628   Section        0  rt_list.o(i.rt_get_same_rdy_prio)
    i.rt_init_context                        0x0000464c   Section        0  rt_task.o(i.rt_init_context)
    rt_init_context                          0x0000464d   Thumb Code    64  rt_task.o(i.rt_init_context)
    i.rt_init_robin                          0x00004690   Section        0  rt_robin.o(i.rt_init_robin)
    i.rt_init_stack                          0x000046a8   Section        0  hal_cm3.o(i.rt_init_stack)
    i.rt_mbx_psh                             0x000046f8   Section        0  rt_mailbox.o(i.rt_mbx_psh)
    i.rt_mut_init                            0x000047b8   Section        0  rt_mutex.o(i.rt_mut_init)
    i.rt_mut_release                         0x000047c8   Section        0  rt_mutex.o(i.rt_mut_release)
    i.rt_mut_wait                            0x00004874   Section        0  rt_mutex.o(i.rt_mut_wait)
    i.rt_pop_req                             0x000048d8   Section        0  rt_system.o(i.rt_pop_req)
    i.rt_put_dly                             0x00004950   Section        0  rt_list.o(i.rt_put_dly)
    i.rt_put_prio                            0x00004998   Section        0  rt_list.o(i.rt_put_prio)
    i.rt_put_rdy_first                       0x000049d0   Section        0  rt_list.o(i.rt_put_rdy_first)
    i.rt_resort_prio                         0x000049e4   Section        0  rt_list.o(i.rt_resort_prio)
    i.rt_rmv_dly                             0x00004a18   Section        0  rt_list.o(i.rt_rmv_dly)
    i.rt_rmv_list                            0x00004a40   Section        0  rt_list.o(i.rt_rmv_list)
    i.rt_sem_psh                             0x00004a70   Section        0  rt_semaphore.o(i.rt_sem_psh)
    i.rt_stk_check                           0x00004aa4   Section        0  rt_system.o(i.rt_stk_check)
    i.rt_switch_req                          0x00004ac8   Section        0  rt_task.o(i.rt_switch_req)
    i.rt_sys_init                            0x00004af0   Section        0  rt_task.o(i.rt_sys_init)
    i.rt_systick                             0x00004c48   Section        0  rt_system.o(i.rt_systick)
    i.rt_tmr_tick                            0x00004c84   Section        0  rt_timer.o(i.rt_tmr_tick)
    i.rt_tsk_create                          0x00004cc4   Section        0  rt_task.o(i.rt_tsk_create)
    i.rt_tsk_pass                            0x00004d58   Section        0  rt_task.o(i.rt_tsk_pass)
    i.sin                                    0x00004d88   Section        0  sin.o(i.sin)
    i.sqrt                                   0x00004e38   Section        0  sqrt.o(i.sqrt)
    .constdata                               0x00004e88   Section       40  rtx_config.o(.constdata)
    __tagsym$$used                           0x00004e9c   Number         0  rtx_config.o(.constdata)
    __tagsym$$used                           0x00004ea0   Number         0  rtx_config.o(.constdata)
    .constdata                               0x00004eb0   Section     1863  main.o(.constdata)
    BACKGROUND_pixel_data                    0x00004eb0   Data        1301  main.o(.constdata)
    CANISTER_pixel_data                      0x000053c5   Data         433  main.o(.constdata)
    FINISH_LINE_pixel_data                   0x00005576   Data         129  main.o(.constdata)
    .constdata                               0x000055f8   Section     6272  glcd_spi_lpc1700.o(.constdata)
    .constdata                               0x00006e78   Section      136  pow.o(.constdata)
    bp                                       0x00006e78   Data          16  pow.o(.constdata)
    dp_h                                     0x00006e88   Data          16  pow.o(.constdata)
    dp_l                                     0x00006e98   Data          16  pow.o(.constdata)
    L                                        0x00006ea8   Data          48  pow.o(.constdata)
    P                                        0x00006ed8   Data          40  pow.o(.constdata)
    .constdata                               0x00006f00   Section       48  cos_i.o(.constdata)
    C                                        0x00006f00   Data          48  cos_i.o(.constdata)
    .constdata                               0x00006f30   Section        8  qnan.o(.constdata)
    .constdata                               0x00006f38   Section      200  rred.o(.constdata)
    pio2s                                    0x00006f38   Data          48  rred.o(.constdata)
    twooverpi                                0x00006f68   Data         152  rred.o(.constdata)
    .constdata                               0x00007000   Section       40  sin_i.o(.constdata)
    S                                        0x00007000   Data          40  sin_i.o(.constdata)
    .data                                    0x10000000   Section        4  system_lpc17xx.o(.data)
    .data                                    0x10000004   Section       32  uart.o(.data)
    .data                                    0x10000024   Section        4  rtx_config.o(.data)
    .data                                    0x10000028   Section     2612  main.o(.data)
    CAR1_pixel_data                          0x10000028   Data        1301  main.o(.data)
    CAR2_pixel_data                          0x1000053d   Data        1301  main.o(.data)
    .data                                    0x10000a5c   Section        5  glcd_spi_lpc1700.o(.data)
    Color                                    0x10000a5c   Data           4  glcd_spi_lpc1700.o(.data)
    Himax                                    0x10000a60   Data           1  glcd_spi_lpc1700.o(.data)
    .data                                    0x10000a64   Section        8  rt_task.o(.data)
    .data                                    0x10000a6c   Section        1  hal_cm3.o(.data)
    .data                                    0x10000a70   Section        8  rt_system.o(.data)
    os_lock                                  0x10000a70   Data           1  rt_system.o(.data)
    os_psh_flag                              0x10000a71   Data           1  rt_system.o(.data)
    pend_flags                               0x10000a72   Data           1  rt_system.o(.data)
    .data                                    0x10000a78   Section        8  rt_robin.o(.data)
    .data                                    0x10000a80   Section        4  rt_time.o(.data)
    .data                                    0x10000a84   Section        8  rt_timer.o(.data)
    .data                                    0x10000a8c   Section        4  rand.o(.data)
    _rand_state                              0x10000a8c   Data           4  rand.o(.data)
    .data                                    0x10000a90   Section        4  mvars.o(.data)
    .data                                    0x10000a94   Section        4  mvars.o(.data)
    .data                                    0x10000a98   Section        4  errno.o(.data)
    _errno                                   0x10000a98   Data           4  errno.o(.data)
    .bss                                     0x10000a9c   Section      128  uart.o(.bss)
    .bss                                     0x10000b20   Section     4060  rtx_config.o(.bss)
    .bss                                     0x10001afc   Section     6472  main.o(.bss)
    .bss                                     0x10003444   Section       48  rt_task.o(.bss)
    .bss                                     0x10003474   Section       48  rt_list.o(.bss)
    HEAP                                     0x100034a8   Section     8192  startup_lpc17xx.o(HEAP)
    STACK                                    0x100054a8   Section     8192  startup_lpc17xx.o(STACK)

    Global Symbols

    Symbol Name                              Value     Ov Type        Size  Object(Section)

    BuildAttributes$$THM_ISAv4$P$D$K$B$S$PE$A:L22UL41UL21$X:L11$S22US41US21$IEEE1$IW$USESV6$~STKCKD$USESV7$~SHL$OTIME$ROPI$IEEEX$EBA8$MICROLIB$REQ8$PRES8$EABIv2 0x00000000   Number         0  anon$$obj.o ABSOLUTE
    __ARM_use_no_argv                        0x00000000   Number         0  main.o ABSOLUTE
    __Vectors                                0x00000000   Data           4  startup_lpc17xx.o(RESET)
    _printf_a                                0x00000000   Number         0  stubs.o ABSOLUTE
    _printf_c                                0x00000000   Number         0  stubs.o ABSOLUTE
    _printf_charcount                        0x00000000   Number         0  stubs.o ABSOLUTE
    _printf_d                                0x00000000   Number         0  stubs.o ABSOLUTE
    _printf_e                                0x00000000   Number         0  stubs.o ABSOLUTE
    _printf_f                                0x00000000   Number         0  stubs.o ABSOLUTE
    _printf_flags                            0x00000000   Number         0  stubs.o ABSOLUTE
    _printf_fp_dec                           0x00000000   Number         0  stubs.o ABSOLUTE
    _printf_fp_hex                           0x00000000   Number         0  stubs.o ABSOLUTE
    _printf_g                                0x00000000   Number         0  stubs.o ABSOLUTE
    _printf_i                                0x00000000   Number         0  stubs.o ABSOLUTE
    _printf_int_dec                          0x00000000   Number         0  stubs.o ABSOLUTE
    _printf_l                                0x00000000   Number         0  stubs.o ABSOLUTE
    _printf_lc                               0x00000000   Number         0  stubs.o ABSOLUTE
    _printf_ll                               0x00000000   Number         0  stubs.o ABSOLUTE
    _printf_lld                              0x00000000   Number         0  stubs.o ABSOLUTE
    _printf_lli                              0x00000000   Number         0  stubs.o ABSOLUTE
    _printf_llo                              0x00000000   Number         0  stubs.o ABSOLUTE
    _printf_llu                              0x00000000   Number         0  stubs.o ABSOLUTE
    _printf_llx                              0x00000000   Number         0  stubs.o ABSOLUTE
    _printf_longlong_dec                     0x00000000   Number         0  stubs.o ABSOLUTE
    _printf_longlong_hex                     0x00000000   Number         0  stubs.o ABSOLUTE
    _printf_longlong_oct                     0x00000000   Number         0  stubs.o ABSOLUTE
    _printf_ls                               0x00000000   Number         0  stubs.o ABSOLUTE
    _printf_mbtowc                           0x00000000   Number         0  stubs.o ABSOLUTE
    _printf_n                                0x00000000   Number         0  stubs.o ABSOLUTE
    _printf_o                                0x00000000   Number         0  stubs.o ABSOLUTE
    _printf_p                                0x00000000   Number         0  stubs.o ABSOLUTE
    _printf_percent                          0x00000000   Number         0  stubs.o ABSOLUTE
    _printf_pre_padding                      0x00000000   Number         0  stubs.o ABSOLUTE
    _printf_return_value                     0x00000000   Number         0  stubs.o ABSOLUTE
    _printf_s                                0x00000000   Number         0  stubs.o ABSOLUTE
    _printf_sizespec                         0x00000000   Number         0  stubs.o ABSOLUTE
    _printf_str                              0x00000000   Number         0  stubs.o ABSOLUTE
    _printf_truncate_signed                  0x00000000   Number         0  stubs.o ABSOLUTE
    _printf_truncate_unsigned                0x00000000   Number         0  stubs.o ABSOLUTE
    _printf_u                                0x00000000   Number         0  stubs.o ABSOLUTE
    _printf_wc                               0x00000000   Number         0  stubs.o ABSOLUTE
    _printf_wctomb                           0x00000000   Number         0  stubs.o ABSOLUTE
    _printf_widthprec                        0x00000000   Number         0  stubs.o ABSOLUTE
    _printf_x                                0x00000000   Number         0  stubs.o ABSOLUTE
    _clock_init                               - Undefined Weak Reference
    __main                                   0x000000cd   Thumb Code     0  entry.o(.ARM.Collect$$$$00000000)
    _main_stk                                0x000000cd   Thumb Code     0  entry2.o(.ARM.Collect$$$$00000001)
    _main_scatterload                        0x000000d1   Thumb Code     0  entry5.o(.ARM.Collect$$$$00000004)
    __main_after_scatterload                 0x000000d5   Thumb Code     0  entry5.o(.ARM.Collect$$$$00000004)
    _main_clock                              0x000000d5   Thumb Code     0  entry7b.o(.ARM.Collect$$$$00000008)
    _main_init                               0x000000d5   Thumb Code     0  entry8.o(.ARM.Collect$$$$00000009)
    rt_set_PSP                               0x000000e1   Thumb Code     6  hal_cm3.o(.emb_text)
    rt_get_PSP                               0x000000e7   Thumb Code     6  hal_cm3.o(.emb_text)
    os_set_env                               0x000000ed   Thumb Code    24  hal_cm3.o(.emb_text)
    _alloc_box                               0x00000109   Thumb Code    28  hal_cm3.o(.emb_text)
    _free_box                                0x00000129   Thumb Code    28  hal_cm3.o(.emb_text)
    SVC_Handler                              0x00000149   Thumb Code   124  hal_cm3.o(.emb_text)
    PendSV_Handler                           0x000001d1   Thumb Code    76  hal_cm3.o(.emb_text)
    SysTick_Handler                          0x00000221   Thumb Code     8  hal_cm3.o(.emb_text)
    OS_Tick_Handler                          0x00000229   Thumb Code    12  hal_cm3.o(.emb_text)
    Reset_Handler                            0x00000235   Thumb Code     8  startup_lpc17xx.o(.text)
    NMI_Handler                              0x0000023d   Thumb Code     2  startup_lpc17xx.o(.text)
    HardFault_Handler                        0x0000023f   Thumb Code     2  startup_lpc17xx.o(.text)
    MemManage_Handler                        0x00000241   Thumb Code     2  startup_lpc17xx.o(.text)
    BusFault_Handler                         0x00000243   Thumb Code     2  startup_lpc17xx.o(.text)
    UsageFault_Handler                       0x00000245   Thumb Code     2  startup_lpc17xx.o(.text)
    DebugMon_Handler                         0x00000249   Thumb Code     2  startup_lpc17xx.o(.text)
    ADC_IRQHandler                           0x0000024f   Thumb Code     0  startup_lpc17xx.o(.text)
    BOD_IRQHandler                           0x0000024f   Thumb Code     0  startup_lpc17xx.o(.text)
    CANActivity_IRQHandler                   0x0000024f   Thumb Code     0  startup_lpc17xx.o(.text)
    CAN_IRQHandler                           0x0000024f   Thumb Code     0  startup_lpc17xx.o(.text)
    DMA_IRQHandler                           0x0000024f   Thumb Code     0  startup_lpc17xx.o(.text)
    EINT0_IRQHandler                         0x0000024f   Thumb Code     0  startup_lpc17xx.o(.text)
    EINT1_IRQHandler                         0x0000024f   Thumb Code     0  startup_lpc17xx.o(.text)
    EINT2_IRQHandler                         0x0000024f   Thumb Code     0  startup_lpc17xx.o(.text)
    EINT3_IRQHandler                         0x0000024f   Thumb Code     0  startup_lpc17xx.o(.text)
    ENET_IRQHandler                          0x0000024f   Thumb Code     0  startup_lpc17xx.o(.text)
    I2C0_IRQHandler                          0x0000024f   Thumb Code     0  startup_lpc17xx.o(.text)
    I2C1_IRQHandler                          0x0000024f   Thumb Code     0  startup_lpc17xx.o(.text)
    I2C2_IRQHandler                          0x0000024f   Thumb Code     0  startup_lpc17xx.o(.text)
    I2S_IRQHandler                           0x0000024f   Thumb Code     0  startup_lpc17xx.o(.text)
    MCPWM_IRQHandler                         0x0000024f   Thumb Code     0  startup_lpc17xx.o(.text)
    PLL0_IRQHandler                          0x0000024f   Thumb Code     0  startup_lpc17xx.o(.text)
    PLL1_IRQHandler                          0x0000024f   Thumb Code     0  startup_lpc17xx.o(.text)
    PWM1_IRQHandler                          0x0000024f   Thumb Code     0  startup_lpc17xx.o(.text)
    QEI_IRQHandler                           0x0000024f   Thumb Code     0  startup_lpc17xx.o(.text)
    RIT_IRQHandler                           0x0000024f   Thumb Code     0  startup_lpc17xx.o(.text)
    RTC_IRQHandler                           0x0000024f   Thumb Code     0  startup_lpc17xx.o(.text)
    SPI_IRQHandler                           0x0000024f   Thumb Code     0  startup_lpc17xx.o(.text)
    SSP0_IRQHandler                          0x0000024f   Thumb Code     0  startup_lpc17xx.o(.text)
    SSP1_IRQHandler                          0x0000024f   Thumb Code     0  startup_lpc17xx.o(.text)
    TIMER0_IRQHandler                        0x0000024f   Thumb Code     0  startup_lpc17xx.o(.text)
    TIMER1_IRQHandler                        0x0000024f   Thumb Code     0  startup_lpc17xx.o(.text)
    TIMER2_IRQHandler                        0x0000024f   Thumb Code     0  startup_lpc17xx.o(.text)
    TIMER3_IRQHandler                        0x0000024f   Thumb Code     0  startup_lpc17xx.o(.text)
    UART2_IRQHandler                         0x0000024f   Thumb Code     0  startup_lpc17xx.o(.text)
    UART3_IRQHandler                         0x0000024f   Thumb Code     0  startup_lpc17xx.o(.text)
    USBActivity_IRQHandler                   0x0000024f   Thumb Code     0  startup_lpc17xx.o(.text)
    USB_IRQHandler                           0x0000024f   Thumb Code     0  startup_lpc17xx.o(.text)
    WDT_IRQHandler                           0x0000024f   Thumb Code     0  startup_lpc17xx.o(.text)
    timer_setup                              0x00000259   Thumb Code    46  timer.o(.text)
    timer_read                               0x00000287   Thumb Code     8  timer.o(.text)
    os_idle_demon                            0x000002a1   Thumb Code     4  rtx_config.o(.text)
    os_tmr_call                              0x000002a5   Thumb Code     2  rtx_config.o(.text)
    os_error                                 0x000002a7   Thumb Code     4  rtx_config.o(.text)
    rand                                     0x000002ad   Thumb Code    20  rand.o(.text)
    srand                                    0x000002c1   Thumb Code     6  rand.o(.text)
    __aeabi_i2d                              0x000002d1   Thumb Code    34  dflti.o(.text)
    __I$use$fp                               0x000002f3   Thumb Code     0  iusefp.o(.text)
    SVC_Count                                0x000002f4   Data           4  SVC_Table.o(SVC_TABLE)
    SVC_Table                                0x000002f8   Data           0  SVC_Table.o(SVC_TABLE)
    __scatterload_null                       0x000002f9   Thumb Code     2  handlers.o(i.__scatterload_null)
    os_tick_irqack                           0x000002fb   Thumb Code     2  rt_system.o(i.os_tick_irqack)
    SystemCoreClockUpdate                    0x00000301   Thumb Code   424  system_lpc17xx.o(.text)
    __RL_RTX_VER                             0x00000460   Number         0  rt_system.o ABSOLUTE
    SystemInit                               0x000004a9   Thumb Code   290  system_lpc17xx.o(.text)
    Free                                     0x00000619   Thumb Code     6  uart.o(.text)
    Lock                                     0x0000061f   Thumb Code    28  uart.o(.text)
    LockRcv                                  0x0000063b   Thumb Code    28  uart.o(.text)
    LockSnd                                  0x00000657   Thumb Code    28  uart.o(.text)
    FreeRcv                                  0x00000673   Thumb Code    28  uart.o(.text)
    FreeSnd                                  0x0000068f   Thumb Code    28  uart.o(.text)
    UART0_IRQHandler                         0x000006ab   Thumb Code    86  uart.o(.text)
    UART1_IRQHandler                         0x00000701   Thumb Code    88  uart.o(.text)
    getFrequency                             0x00000759   Thumb Code    64  uart.o(.text)
    UARTInit                                 0x00000799   Thumb Code   176  uart.o(.text)
    UARTSend                                 0x00000849   Thumb Code   112  uart.o(.text)
    UARTSendChar                             0x000008b9   Thumb Code    24  uart.o(.text)
    UARTRecieve                              0x000008d1   Thumb Code   134  uart.o(.text)
    UARTReceiveChar                          0x00000957   Thumb Code    26  uart.o(.text)
    makeCar                                  0x000009c5   Thumb Code    64  main.o(.text)
    round2Int                                0x00000a05   Thumb Code   142  main.o(.text)
    setLeds                                  0x00000a93   Thumb Code   326  main.o(.text)
    populatePath                             0x00000bd9   Thumb Code   300  main.o(.text)
    drawRectangle                            0x00000d05   Thumb Code    68  main.o(.text)
    drawCar                                  0x00000d49   Thumb Code    92  main.o(.text)
    CanisterTask                             0x00000da5   Thumb Code   494  main.o(.text)
    DrawTask                                 0x00000f93   Thumb Code   868  main.o(.text)
    ReadPotentiometerTask                    0x000012f7   Thumb Code   130  main.o(.text)
    MovePlayersTask                          0x00001379   Thumb Code  1504  main.o(.text)
    PushButtonTask                           0x00001959   Thumb Code   240  main.o(.text)
    StartTasks                               0x00001a49   Thumb Code   124  main.o(.text)
    main                                     0x00001ac5   Thumb Code   250  main.o(.text)
    GLCD_Init                                0x00001d75   Thumb Code  1514  glcd_spi_lpc1700.o(.text)
    GLCD_SetWindow                           0x0000235f   Thumb Code   168  glcd_spi_lpc1700.o(.text)
    GLCD_WindowMax                           0x00002407   Thumb Code    26  glcd_spi_lpc1700.o(.text)
    GLCD_PutPixel                            0x00002421   Thumb Code   118  glcd_spi_lpc1700.o(.text)
    GLCD_SetTextColor                        0x00002497   Thumb Code     6  glcd_spi_lpc1700.o(.text)
    GLCD_SetBackColor                        0x0000249d   Thumb Code     6  glcd_spi_lpc1700.o(.text)
    GLCD_Clear                               0x000024a3   Thumb Code    42  glcd_spi_lpc1700.o(.text)
    GLCD_DrawChar                            0x000024cd   Thumb Code   150  glcd_spi_lpc1700.o(.text)
    GLCD_DisplayChar                         0x00002563   Thumb Code    84  glcd_spi_lpc1700.o(.text)
    GLCD_DisplayString                       0x000025b7   Thumb Code    40  glcd_spi_lpc1700.o(.text)
    GLCD_ClearLn                             0x000025df   Thumb Code    94  glcd_spi_lpc1700.o(.text)
    GLCD_Bargraph                            0x0000263d   Thumb Code    98  glcd_spi_lpc1700.o(.text)
    GLCD_Bitmap                              0x0000269f   Thumb Code    82  glcd_spi_lpc1700.o(.text)
    GLCD_Bitmap_Flipped                      0x000026f1   Thumb Code    82  glcd_spi_lpc1700.o(.text)
    GLCD_Bitmap_Sideways                     0x00002743   Thumb Code    82  glcd_spi_lpc1700.o(.text)
    GLCD_Bitmap_Sideways_Flipped             0x00002795   Thumb Code    82  glcd_spi_lpc1700.o(.text)
    GLCD_ScrollVertical                      0x000027e7   Thumb Code     2  glcd_spi_lpc1700.o(.text)
    GLCD_WrCmd                               0x000027e9   Thumb Code    12  glcd_spi_lpc1700.o(.text)
    GLCD_WrReg                               0x000027f5   Thumb Code    32  glcd_spi_lpc1700.o(.text)
    __aeabi_uldivmod                         0x00002875   Thumb Code    98  uldiv.o(.text)
    __aeabi_dadd                             0x000028d7   Thumb Code   322  dadd.o(.text)
    __aeabi_dsub                             0x00002a19   Thumb Code     6  dadd.o(.text)
    __aeabi_drsub                            0x00002a1f   Thumb Code     6  dadd.o(.text)
    __aeabi_dmul                             0x00002a25   Thumb Code   228  dmul.o(.text)
    __aeabi_ddiv                             0x00002b09   Thumb Code   222  ddiv.o(.text)
    __aeabi_ui2d                             0x00002be7   Thumb Code    26  dfltui.o(.text)
    __aeabi_f2iz                             0x00002c01   Thumb Code    50  ffixi.o(.text)
    __aeabi_d2uiz                            0x00002c33   Thumb Code    50  dfixui.o(.text)
    __aeabi_f2d                              0x00002c65   Thumb Code    38  f2d.o(.text)
    __aeabi_cdcmpeq                          0x00002c8d   Thumb Code     0  cdcmple.o(.text)
    __aeabi_cdcmple                          0x00002c8d   Thumb Code    38  cdcmple.o(.text)
    __aeabi_cdrcmple                         0x00002cb5   Thumb Code    38  cdrcmple.o(.text)
    __aeabi_d2f                              0x00002cdd   Thumb Code    56  d2f.o(.text)
    __aeabi_cfrcmple                         0x00002d15   Thumb Code    20  cfrcmple.o(.text)
    __aeabi_uidiv                            0x00002d29   Thumb Code     0  uidiv.o(.text)
    __aeabi_uidivmod                         0x00002d29   Thumb Code    44  uidiv.o(.text)
    __aeabi_llsl                             0x00002d55   Thumb Code    30  llshl.o(.text)
    _ll_shift_l                              0x00002d55   Thumb Code     0  llshl.o(.text)
    __aeabi_llsr                             0x00002d73   Thumb Code    32  llushr.o(.text)
    _ll_ushift_r                             0x00002d73   Thumb Code     0  llushr.o(.text)
    __aeabi_lasr                             0x00002d93   Thumb Code    36  llsshr.o(.text)
    _ll_sshift_r                             0x00002d93   Thumb Code     0  llsshr.o(.text)
    _float_round                             0x00002db7   Thumb Code    18  fepilogue.o(.text)
    _float_epilogue                          0x00002dc9   Thumb Code    90  fepilogue.o(.text)
    _double_round                            0x00002e23   Thumb Code    26  depilogue.o(.text)
    _double_epilogue                         0x00002e3d   Thumb Code   164  depilogue.o(.text)
    __ARM_scalbn                             0x00002ee1   Thumb Code    46  dscalb.o(.text)
    scalbn                                   0x00002ee1   Thumb Code     0  dscalb.o(.text)
    __scatterload                            0x00002f11   Thumb Code    28  init.o(.text)
    __scatterload_rt2                        0x00002f11   Thumb Code     0  init.o(.text)
    _dsqrt                                   0x00002f35   Thumb Code   162  dsqrt.o(.text)
    __aeabi_d2iz                             0x00002fd7   Thumb Code    62  dfixi.o(.text)
    __decompress                             0x00003015   Thumb Code     0  __dclz77c.o(.text)
    __decompress2                            0x00003015   Thumb Code    96  __dclz77c.o(.text)
    __0sprintf$1                             0x00003075   Thumb Code    34  printf1.o(i.__0sprintf$1)
    __1sprintf$1                             0x00003075   Thumb Code     0  printf1.o(i.__0sprintf$1)
    __2sprintf                               0x00003075   Thumb Code     0  printf1.o(i.__0sprintf$1)
    __ARM_fpclassify                         0x0000309d   Thumb Code    40  fpclassify.o(i.__ARM_fpclassify)
    __ieee754_rem_pio2                       0x000030c5   Thumb Code   832  rred.o(i.__ieee754_rem_pio2)
    __kernel_cos                             0x0000344d   Thumb Code   230  cos_i.o(i.__kernel_cos)
    __kernel_poly                            0x00003549   Thumb Code   170  poly.o(i.__kernel_poly)
    __kernel_sin                             0x000035f5   Thumb Code   224  sin_i.o(i.__kernel_sin)
    __mathlib_dbl_underflow                  0x000036e1   Thumb Code    10  dunder.o(i.__mathlib_dbl_underflow)
    __scatterload_copy                       0x000036f1   Thumb Code    14  handlers.o(i.__scatterload_copy)
    __scatterload_zeroinit                   0x000036ff   Thumb Code    14  handlers.o(i.__scatterload_zeroinit)
    __set_errno                              0x0000370d   Thumb Code     6  errno.o(i.__set_errno)
    _init_box                                0x00003719   Thumb Code    70  rt_membox.o(i._init_box)
    cos                                      0x000038c1   Thumb Code   164  cos.o(i.cos)
    dbg_init                                 0x0000396d   Thumb Code    34  hal_cm3.o(i.dbg_init)
    dbg_task_notify                          0x0000399d   Thumb Code    32  hal_cm3.o(i.dbg_task_notify)
    dbg_task_switch                          0x000039bd   Thumb Code    16  hal_cm3.o(i.dbg_task_switch)
    malloc                                   0x000039cd   Thumb Code    92  malloc.o(i.malloc)
    os_tick_init                             0x00003a39   Thumb Code    32  rt_system.o(i.os_tick_init)
    pow                                      0x00003a61   Thumb Code  2510  pow.o(i.pow)
    rt_alloc_box                             0x00004441   Thumb Code    26  rt_membox.o(i.rt_alloc_box)
    rt_block                                 0x0000445d   Thumb Code    48  rt_task.o(i.rt_block)
    rt_chk_robin                             0x00004495   Thumb Code    60  rt_robin.o(i.rt_chk_robin)
    rt_dec_dly                               0x000044dd   Thumb Code   106  rt_list.o(i.rt_dec_dly)
    rt_dispatch                              0x00004551   Thumb Code    60  rt_task.o(i.rt_dispatch)
    rt_evt_psh                               0x00004595   Thumb Code    72  rt_event.o(i.rt_evt_psh)
    rt_free_box                              0x000045e1   Thumb Code    32  rt_membox.o(i.rt_free_box)
    rt_get_first                             0x00004601   Thumb Code    40  rt_list.o(i.rt_get_first)
    rt_get_same_rdy_prio                     0x00004629   Thumb Code    26  rt_list.o(i.rt_get_same_rdy_prio)
    rt_init_robin                            0x00004691   Thumb Code    14  rt_robin.o(i.rt_init_robin)
    rt_init_stack                            0x000046a9   Thumb Code    70  hal_cm3.o(i.rt_init_stack)
    rt_mbx_psh                               0x000046f9   Thumb Code   188  rt_mailbox.o(i.rt_mbx_psh)
    rt_mut_init                              0x000047b9   Thumb Code    16  rt_mutex.o(i.rt_mut_init)
    rt_mut_release                           0x000047c9   Thumb Code   164  rt_mutex.o(i.rt_mut_release)
    rt_mut_wait                              0x00004875   Thumb Code    96  rt_mutex.o(i.rt_mut_wait)
    rt_pop_req                               0x000048d9   Thumb Code   106  rt_system.o(i.rt_pop_req)
    rt_put_dly                               0x00004951   Thumb Code    68  rt_list.o(i.rt_put_dly)
    rt_put_prio                              0x00004999   Thumb Code    54  rt_list.o(i.rt_put_prio)
    rt_put_rdy_first                         0x000049d1   Thumb Code    14  rt_list.o(i.rt_put_rdy_first)
    rt_resort_prio                           0x000049e5   Thumb Code    46  rt_list.o(i.rt_resort_prio)
    rt_rmv_dly                               0x00004a19   Thumb Code    40  rt_list.o(i.rt_rmv_dly)
    rt_rmv_list                              0x00004a41   Thumb Code    44  rt_list.o(i.rt_rmv_list)
    rt_sem_psh                               0x00004a71   Thumb Code    46  rt_semaphore.o(i.rt_sem_psh)
    rt_stk_check                             0x00004aa5   Thumb Code    28  rt_system.o(i.rt_stk_check)
    rt_switch_req                            0x00004ac9   Thumb Code    30  rt_task.o(i.rt_switch_req)
    rt_sys_init                              0x00004af1   Thumb Code   266  rt_task.o(i.rt_sys_init)
    rt_systick                               0x00004c49   Thumb Code    48  rt_system.o(i.rt_systick)
    rt_tmr_tick                              0x00004c85   Thumb Code    56  rt_timer.o(i.rt_tmr_tick)
    rt_tsk_create                            0x00004cc5   Thumb Code   126  rt_task.o(i.rt_tsk_create)
    rt_tsk_pass                              0x00004d59   Thumb Code    38  rt_task.o(i.rt_tsk_pass)
    sin                                      0x00004d89   Thumb Code   166  sin.o(i.sin)
    sqrt                                     0x00004e39   Thumb Code    78  sqrt.o(i.sqrt)
    os_maxtaskrun                            0x00004e88   Data           2  rtx_config.o(.constdata)
    os_stackinfo                             0x00004e8c   Data           4  rtx_config.o(.constdata)
    os_rrobin                                0x00004e90   Data           4  rtx_config.o(.constdata)
    os_trv                                   0x00004e94   Data           4  rtx_config.o(.constdata)
    os_flags                                 0x00004e98   Data           1  rtx_config.o(.constdata)
    os_clockrate                             0x00004e9c   Data           4  rtx_config.o(.constdata)
    os_timernum                              0x00004ea0   Data           4  rtx_config.o(.constdata)
    mp_tcb_size                              0x00004ea4   Data           2  rtx_config.o(.constdata)
    mp_stk_size                              0x00004ea8   Data           4  rtx_config.o(.constdata)
    os_fifo_size                             0x00004eac   Data           1  rtx_config.o(.constdata)
    mp_tmr_size                              0x00004eae   Data           2  rtx_config.o(.constdata)
    Font_6x8_h                               0x000055f8   Data         896  glcd_spi_lpc1700.o(.constdata)
    Font_16x24_h                             0x00005978   Data        5376  glcd_spi_lpc1700.o(.constdata)
    __mathlib_zero                           0x00006f30   Data           8  qnan.o(.constdata)
    Region$$Table$$Base                      0x00007028   Number         0  anon$$obj.o(Region$$Table)
    Region$$Table$$Limit                     0x00007048   Number         0  anon$$obj.o(Region$$Table)
    SystemCoreClock                          0x10000000   Data           4  system_lpc17xx.o(.data)
    ITM_RxBuffer                             0x10000004   Data           4  uart.o(.data)
    UART0TxEmpty                             0x10000008   Data           1  uart.o(.data)
    UART1TxEmpty                             0x10000009   Data           1  uart.o(.data)
    UART0Count                               0x1000000c   Data           4  uart.o(.data)
    UART1Count                               0x10000010   Data           4  uart.o(.data)
    i                                        0x10000014   Data           4  uart.o(.data)
    UART0Status                              0x10000018   Data           4  uart.o(.data)
    UART1Status                              0x1000001c   Data           4  uart.o(.data)
    RcvLock0                                 0x10000020   Data           1  uart.o(.data)
    SndLock0                                 0x10000021   Data           1  uart.o(.data)
    RcvLock1                                 0x10000022   Data           1  uart.o(.data)
    SndLock1                                 0x10000023   Data           1  uart.o(.data)
    m_tmr                                    0x10000024   Data           4  rtx_config.o(.data)
    CARWIDTH                                 0x10000a52   Data           1  main.o(.data)
    CARHEIGHT                                0x10000a53   Data           1  main.o(.data)
    CPU                                      0x10000a54   Data           4  main.o(.data)
    player                                   0x10000a58   Data           4  main.o(.data)
    os_tsk                                   0x10000a64   Data           8  rt_task.o(.data)
    dbg_msg                                  0x10000a6c   Data           1  hal_cm3.o(.data)
    os_tick_irqn                             0x10000a74   Data           4  rt_system.o(.data)
    os_robin                                 0x10000a78   Data           8  rt_robin.o(.data)
    os_time                                  0x10000a80   Data           4  rt_time.o(.data)
    os_tmr                                   0x10000a84   Data           8  rt_timer.o(.data)
    __microlib_freelist                      0x10000a90   Data           4  mvars.o(.data)
    __microlib_freelist_initialised          0x10000a94   Data           4  mvars.o(.data)
    UART0Buffer                              0x10000a9c   Data          64  uart.o(.bss)
    UART1Buffer                              0x10000adc   Data          64  uart.o(.bss)
    mp_tcb                                   0x10000b20   Data         300  rtx_config.o(.bss)
    mp_stk                                   0x10000c50   Data        3600  rtx_config.o(.bss)
    os_fifo                                  0x10001a60   Data         132  rtx_config.o(.bss)
    os_active_TCB                            0x10001ae4   Data          24  rtx_config.o(.bss)
    path                                     0x10001afc   Data        6400  main.o(.bss)
    cans                                     0x100033fc   Data          12  main.o(.bss)
    cpuMut                                   0x10003408   Data          12  main.o(.bss)
    playerSpdMut                             0x10003414   Data          12  main.o(.bss)
    playerPosMut                             0x10003420   Data          12  main.o(.bss)
    playerAngMut                             0x1000342c   Data          12  main.o(.bss)
    canMut                                   0x10003438   Data          12  main.o(.bss)
    os_idle_TCB                              0x10003444   Data          48  rt_task.o(.bss)
    os_rdy                                   0x10003474   Data          24  rt_list.o(.bss)
    os_dly                                   0x1000348c   Data          24  rt_list.o(.bss)
    __heap_base                              0x100034a8   Data           0  startup_lpc17xx.o(HEAP)
    __heap_limit                             0x100054a8   Data           0  startup_lpc17xx.o(HEAP)
    __initial_sp                             0x100074a8   Data           0  startup_lpc17xx.o(STACK)



==============================================================================

Memory Map of the image

  Image Entry point : 0x000000cd

  Load Region LR_IROM1 (Base: 0x00000000, Size: 0x00007ae4, Max: 0x00080000, ABSOLUTE, COMPRESSED[0x00007410])

    Execution Region ER_IROM1 (Base: 0x00000000, Size: 0x00007048, Max: 0x00080000, ABSOLUTE)

    Base Addr    Size         Type   Attr      Idx    E Section Name        Object

    0x00000000   0x000000cc   Data   RO            3    RESET               startup_lpc17xx.o
    0x000000cc   0x00000000   Code   RO         1009  * .ARM.Collect$$$$00000000  mc_w.l(entry.o)
    0x000000cc   0x00000004   Code   RO         1371    .ARM.Collect$$$$00000001  mc_w.l(entry2.o)
    0x000000d0   0x00000004   Code   RO         1374    .ARM.Collect$$$$00000004  mc_w.l(entry5.o)
    0x000000d4   0x00000000   Code   RO         1376    .ARM.Collect$$$$00000008  mc_w.l(entry7b.o)
    0x000000d4   0x00000008   Code   RO         1377    .ARM.Collect$$$$00000009  mc_w.l(entry8.o)
    0x000000dc   0x00000004   Code   RO         1372    .ARM.Collect$$$$00002712  mc_w.l(entry2.o)
    0x000000e0   0x00000154   Code   RO          511    .emb_text           RTX_CM3.LIB(hal_cm3.o)
    0x00000234   0x00000024   Code   RO            5    .text               startup_lpc17xx.o
    0x00000258   0x00000048   Code   RO           95    .text               timer.o
    0x000002a0   0x0000000a   Code   RO          142    .text               rtx_config.o
    0x000002aa   0x00000002   PAD
    0x000002ac   0x00000024   Code   RO         1014    .text               mc_w.l(rand.o)
    0x000002d0   0x00000022   Code   RO         1318    .text               mf_w.l(dflti.o)
    0x000002f2   0x00000000   Code   RO         1399    .text               mc_w.l(iusefp.o)
    0x000002f2   0x00000002   PAD
    0x000002f4   0x00000004   Code   RO          770    SVC_TABLE           RTX_CM3.LIB(SVC_Table.o)
    0x000002f8   0x00000002   Code   RO         1421    i.__scatterload_null  mc_w.l(handlers.o)
    0x000002fa   0x00000002   Code   RO          554    i.os_tick_irqack    RTX_CM3.LIB(rt_system.o)
    0x000002fc   0x00000004   Code   RO            4    .ARM.__at_0x02FC    startup_lpc17xx.o
    0x00000300   0x00000318   Code   RO           15    .text               system_lpc17xx.o
    0x00000618   0x000003ac   Code   RO           58    .text               uart.o
    0x000009c4   0x00001218   Code   RO          189    .text               main.o
    0x00001bdc   0x00000c98   Code   RO          265    .text               glcd_spi_lpc1700.o
    0x00002874   0x00000062   Code   RO         1012    .text               mc_w.l(uldiv.o)
    0x000028d6   0x0000014e   Code   RO         1312    .text               mf_w.l(dadd.o)
    0x00002a24   0x000000e4   Code   RO         1314    .text               mf_w.l(dmul.o)
    0x00002b08   0x000000de   Code   RO         1316    .text               mf_w.l(ddiv.o)
    0x00002be6   0x0000001a   Code   RO         1320    .text               mf_w.l(dfltui.o)
    0x00002c00   0x00000032   Code   RO         1322    .text               mf_w.l(ffixi.o)
    0x00002c32   0x00000032   Code   RO         1324    .text               mf_w.l(dfixui.o)
    0x00002c64   0x00000026   Code   RO         1326    .text               mf_w.l(f2d.o)
    0x00002c8a   0x00000002   PAD
    0x00002c8c   0x00000028   Code   RO         1328    .text               mf_w.l(cdcmple.o)
    0x00002cb4   0x00000028   Code   RO         1330    .text               mf_w.l(cdrcmple.o)
    0x00002cdc   0x00000038   Code   RO         1332    .text               mf_w.l(d2f.o)
    0x00002d14   0x00000014   Code   RO         1336    .text               mf_w.l(cfrcmple.o)
    0x00002d28   0x0000002c   Code   RO         1378    .text               mc_w.l(uidiv.o)
    0x00002d54   0x0000001e   Code   RO         1380    .text               mc_w.l(llshl.o)
    0x00002d72   0x00000020   Code   RO         1382    .text               mc_w.l(llushr.o)
    0x00002d92   0x00000024   Code   RO         1384    .text               mc_w.l(llsshr.o)
    0x00002db6   0x0000006c   Code   RO         1400    .text               mf_w.l(fepilogue.o)
    0x00002e22   0x000000be   Code   RO         1406    .text               mf_w.l(depilogue.o)
    0x00002ee0   0x0000002e   Code   RO         1408    .text               mf_w.l(dscalb.o)
    0x00002f0e   0x00000002   PAD
    0x00002f10   0x00000024   Code   RO         1412    .text               mc_w.l(init.o)
    0x00002f34   0x000000a2   Code   RO         1414    .text               mf_w.l(dsqrt.o)
    0x00002fd6   0x0000003e   Code   RO         1416    .text               mf_w.l(dfixi.o)
    0x00003014   0x00000060   Code   RO         1426    .text               mc_w.l(__dclz77c.o)
    0x00003074   0x00000028   Code   RO         1064    i.__0sprintf$1      mc_w.l(printf1.o)
    0x0000309c   0x00000028   Code   RO         1343    i.__ARM_fpclassify  m_ws.l(fpclassify.o)
    0x000030c4   0x00000388   Code   RO         1352    i.__ieee754_rem_pio2  m_ws.l(rred.o)
    0x0000344c   0x000000fc   Code   RO         1338    i.__kernel_cos      m_ws.l(cos_i.o)
    0x00003548   0x000000aa   Code   RO         1349    i.__kernel_poly     m_ws.l(poly.o)
    0x000035f2   0x00000002   PAD
    0x000035f4   0x000000ec   Code   RO         1357    i.__kernel_sin      m_ws.l(sin_i.o)
    0x000036e0   0x00000010   Code   RO         1341    i.__mathlib_dbl_underflow  m_ws.l(dunder.o)
    0x000036f0   0x0000000e   Code   RO         1420    i.__scatterload_copy  mc_w.l(handlers.o)
    0x000036fe   0x0000000e   Code   RO         1422    i.__scatterload_zeroinit  mc_w.l(handlers.o)
    0x0000370c   0x0000000c   Code   RO         1394    i.__set_errno       mc_w.l(errno.o)
    0x00003718   0x00000046   Code   RO          737    i._init_box         RTX_CM3.LIB(rt_membox.o)
    0x0000375e   0x00000002   PAD
    0x00003760   0x00000154   Code   RO         1069    i._printf_core      mc_w.l(printf1.o)
    0x000038b4   0x0000000a   Code   RO         1071    i._sputc            mc_w.l(printf1.o)
    0x000038be   0x00000002   PAD
    0x000038c0   0x000000ac   Code   RO          976    i.cos               m_ws.l(cos.o)
    0x0000396c   0x00000030   Code   RO          512    i.dbg_init          RTX_CM3.LIB(hal_cm3.o)
    0x0000399c   0x00000020   Code   RO          513    i.dbg_task_notify   RTX_CM3.LIB(hal_cm3.o)
    0x000039bc   0x00000010   Code   RO          514    i.dbg_task_switch   RTX_CM3.LIB(hal_cm3.o)
    0x000039cc   0x0000006c   Code   RO         1279    i.malloc            mc_w.l(malloc.o)
    0x00003a38   0x00000028   Code   RO          553    i.os_tick_init      RTX_CM3.LIB(rt_system.o)
    0x00003a60   0x000009e0   Code   RO          984    i.pow               m_ws.l(pow.o)
    0x00004440   0x0000001a   Code   RO          738    i.rt_alloc_box      RTX_CM3.LIB(rt_membox.o)
    0x0000445a   0x00000002   PAD
    0x0000445c   0x00000038   Code   RO          384    i.rt_block          RTX_CM3.LIB(rt_task.o)
    0x00004494   0x00000048   Code   RO          715    i.rt_chk_robin      RTX_CM3.LIB(rt_robin.o)
    0x000044dc   0x00000074   Code   RO          636    i.rt_dec_dly        RTX_CM3.LIB(rt_list.o)
    0x00004550   0x00000044   Code   RO          385    i.rt_dispatch       RTX_CM3.LIB(rt_task.o)
    0x00004594   0x0000004c   Code   RO          776    i.rt_evt_psh        RTX_CM3.LIB(rt_event.o)
    0x000045e0   0x00000020   Code   RO          739    i.rt_free_box       RTX_CM3.LIB(rt_membox.o)
    0x00004600   0x00000028   Code   RO          637    i.rt_get_first      RTX_CM3.LIB(rt_list.o)
    0x00004628   0x00000024   Code   RO          638    i.rt_get_same_rdy_prio  RTX_CM3.LIB(rt_list.o)
    0x0000464c   0x00000044   Code   RO          386    i.rt_init_context   RTX_CM3.LIB(rt_task.o)
    0x00004690   0x00000018   Code   RO          716    i.rt_init_robin     RTX_CM3.LIB(rt_robin.o)
    0x000046a8   0x00000050   Code   RO          515    i.rt_init_stack     RTX_CM3.LIB(hal_cm3.o)
    0x000046f8   0x000000c0   Code   RO          819    i.rt_mbx_psh        RTX_CM3.LIB(rt_mailbox.o)
    0x000047b8   0x00000010   Code   RO          483    i.rt_mut_init       RTX_CM3.LIB(rt_mutex.o)
    0x000047c8   0x000000ac   Code   RO          484    i.rt_mut_release    RTX_CM3.LIB(rt_mutex.o)
    0x00004874   0x00000064   Code   RO          485    i.rt_mut_wait       RTX_CM3.LIB(rt_mutex.o)
    0x000048d8   0x00000078   Code   RO          555    i.rt_pop_req        RTX_CM3.LIB(rt_system.o)
    0x00004950   0x00000048   Code   RO          640    i.rt_put_dly        RTX_CM3.LIB(rt_list.o)
    0x00004998   0x00000036   Code   RO          641    i.rt_put_prio       RTX_CM3.LIB(rt_list.o)
    0x000049ce   0x00000002   PAD
    0x000049d0   0x00000014   Code   RO          642    i.rt_put_rdy_first  RTX_CM3.LIB(rt_list.o)
    0x000049e4   0x00000034   Code   RO          643    i.rt_resort_prio    RTX_CM3.LIB(rt_list.o)
    0x00004a18   0x00000028   Code   RO          644    i.rt_rmv_dly        RTX_CM3.LIB(rt_list.o)
    0x00004a40   0x00000030   Code   RO          645    i.rt_rmv_list       RTX_CM3.LIB(rt_list.o)
    0x00004a70   0x00000034   Code   RO          865    i.rt_sem_psh        RTX_CM3.LIB(rt_semaphore.o)
    0x00004aa4   0x00000024   Code   RO          558    i.rt_stk_check      RTX_CM3.LIB(rt_system.o)
    0x00004ac8   0x00000028   Code   RO          387    i.rt_switch_req     RTX_CM3.LIB(rt_task.o)
    0x00004af0   0x00000158   Code   RO          388    i.rt_sys_init       RTX_CM3.LIB(rt_task.o)
    0x00004c48   0x0000003c   Code   RO          560    i.rt_systick        RTX_CM3.LIB(rt_system.o)
    0x00004c84   0x00000040   Code   RO          934    i.rt_tmr_tick       RTX_CM3.LIB(rt_timer.o)
    0x00004cc4   0x00000094   Code   RO          389    i.rt_tsk_create     RTX_CM3.LIB(rt_task.o)
    0x00004d58   0x00000030   Code   RO          391    i.rt_tsk_pass       RTX_CM3.LIB(rt_task.o)
    0x00004d88   0x000000b0   Code   RO          994    i.sin               m_ws.l(sin.o)
    0x00004e38   0x0000004e   Code   RO         1364    i.sqrt              m_ws.l(sqrt.o)
    0x00004e86   0x00000002   PAD
    0x00004e88   0x00000028   Data   RO          144    .constdata          rtx_config.o
    0x00004eb0   0x00000747   Data   RO          191    .constdata          main.o
    0x000055f7   0x00000001   PAD
    0x000055f8   0x00001880   Data   RO          266    .constdata          glcd_spi_lpc1700.o
    0x00006e78   0x00000088   Data   RO          985    .constdata          m_ws.l(pow.o)
    0x00006f00   0x00000030   Data   RO         1339    .constdata          m_ws.l(cos_i.o)
    0x00006f30   0x00000008   Data   RO         1351    .constdata          m_ws.l(qnan.o)
    0x00006f38   0x000000c8   Data   RO         1354    .constdata          m_ws.l(rred.o)
    0x00007000   0x00000028   Data   RO         1358    .constdata          m_ws.l(sin_i.o)
    0x00007028   0x00000020   Data   RO         1418    Region$$Table       anon$$obj.o


    Execution Region RW_IRAM1 (Base: 0x10000000, Size: 0x000074a8, Max: 0x00008000, ABSOLUTE, COMPRESSED[0x000003c8])

    Base Addr    Size         Type   Attr      Idx    E Section Name        Object

    0x10000000   0x00000004   Data   RW           16    .data               system_lpc17xx.o
    0x10000004   0x00000020   Data   RW           60    .data               uart.o
    0x10000024   0x00000004   Data   RW          145    .data               rtx_config.o
    0x10000028   0x00000a34   Data   RW          192    .data               main.o
    0x10000a5c   0x00000005   Data   RW          267    .data               glcd_spi_lpc1700.o
    0x10000a61   0x00000003   PAD
    0x10000a64   0x00000008   Data   RW          395    .data               RTX_CM3.LIB(rt_task.o)
    0x10000a6c   0x00000001   Data   RW          516    .data               RTX_CM3.LIB(hal_cm3.o)
    0x10000a6d   0x00000003   PAD
    0x10000a70   0x00000008   Data   RW          563    .data               RTX_CM3.LIB(rt_system.o)
    0x10000a78   0x00000008   Data   RW          717    .data               RTX_CM3.LIB(rt_robin.o)
    0x10000a80   0x00000004   Data   RW          903    .data               RTX_CM3.LIB(rt_time.o)
    0x10000a84   0x00000008   Data   RW          935    .data               RTX_CM3.LIB(rt_timer.o)
    0x10000a8c   0x00000004   Data   RW         1015    .data               mc_w.l(rand.o)
    0x10000a90   0x00000004   Data   RW         1390    .data               mc_w.l(mvars.o)
    0x10000a94   0x00000004   Data   RW         1391    .data               mc_w.l(mvars.o)
    0x10000a98   0x00000004   Data   RW         1395    .data               mc_w.l(errno.o)
    0x10000a9c   0x00000080   Zero   RW           59    .bss                uart.o
    0x10000b1c   0x00000004   PAD
    0x10000b20   0x00000fdc   Zero   RW          143    .bss                rtx_config.o
    0x10001afc   0x00001948   Zero   RW          190    .bss                main.o
    0x10003444   0x00000030   Zero   RW          394    .bss                RTX_CM3.LIB(rt_task.o)
    0x10003474   0x00000030   Zero   RW          646    .bss                RTX_CM3.LIB(rt_list.o)
    0x100034a4   0x00000004   PAD
    0x100034a8   0x00002000   Zero   RW            2    HEAP                startup_lpc17xx.o
    0x100054a8   0x00002000   Zero   RW            1    STACK               startup_lpc17xx.o


==============================================================================

Image component sizes


      Code (inc. data)   RO Data    RW Data    ZI Data      Debug   Object Name

      3224         60       6272          5          0       9834   glcd_spi_lpc1700.o
      4632        348       1863       2612       6472      15341   main.o
        10          0         40          4       4060       8500   rtx_config.o
        40         12        204          0      16384        832   startup_lpc17xx.o
       792         78          0          4          0       5225   system_lpc17xx.o
        72         18          0          0          0        485   timer.o
       940         60          0         32        128      45487   uart.o

    ----------------------------------------------------------------------
      9712        576       8412       2660      27048      85704   Object Totals
         0          0         32          0          0          0   (incl. Generated)
         2          0          1          3          4          0   (incl. Padding)

    ----------------------------------------------------------------------

      Code (inc. data)   RO Data    RW Data    ZI Data      Debug   Library Member Name

         4          4          0          0          0        136   SVC_Table.o
       516         56          0          1          0       2465   hal_cm3.o
        76          4          0          0          0        541   rt_event.o
       478         40          0          0         48       4249   rt_list.o
       192          4          0          0          0        605   rt_mailbox.o
       128          0          0          0          0       1489   rt_membox.o
       288         12          0          0          0       1601   rt_mutex.o
        96         22          0          8          0        962   rt_robin.o
        52          6          0          0          0        453   rt_semaphore.o
       258         42          0          8          0       2962   rt_system.o
       772        140          0          8         48       6132   rt_task.o
         0          0          0          4          0        150   rt_time.o
        64          8          0          8          0        583   rt_timer.o
       172          8          0          0          0        112   cos.o
       252         22         48          0          0        124   cos_i.o
        16          6          0          0          0         68   dunder.o
        40          0          0          0          0         68   fpclassify.o
       170          0          0          0          0         96   poly.o
      2528        190        136          0          0        316   pow.o
         0          0          8          0          0          0   qnan.o
       904         72        200          0          0        132   rred.o
       176         10          0          0          0        116   sin.o
       236         12         40          0          0        128   sin_i.o
        78          0          0          0          0         84   sqrt.o
        96          0          0          0          0          0   __dclz77c.o
         0          0          0          0          0          0   entry.o
         8          4          0          0          0          0   entry2.o
         4          0          0          0          0          0   entry5.o
         0          0          0          0          0          0   entry7b.o
         8          4          0          0          0          0   entry8.o
        12          6          0          4          0         68   errno.o
        30          0          0          0          0          0   handlers.o
        36          8          0          0          0         68   init.o
         0          0          0          0          0          0   iusefp.o
        30          0          0          0          0         68   llshl.o
        36          0          0          0          0         68   llsshr.o
        32          0          0          0          0         68   llushr.o
       108         16          0          0          0         84   malloc.o
         0          0          0          8          0          0   mvars.o
       390         12          0          0          0        248   printf1.o
        36         10          0          4          0        136   rand.o
        44          0          0          0          0         80   uidiv.o
        98          0          0          0          0         92   uldiv.o
        40          2          0          0          0         68   cdcmple.o
        40          2          0          0          0         68   cdrcmple.o
        20          0          0          0          0         68   cfrcmple.o
        56          0          0          0          0         88   d2f.o
       334          0          0          0          0        144   dadd.o
       222          0          0          0          0        100   ddiv.o
       190          0          0          0          0        176   depilogue.o
        62          0          0          0          0         80   dfixi.o
        50          0          0          0          0         76   dfixui.o
        34          0          0          0          0         76   dflti.o
        26          0          0          0          0         76   dfltui.o
       228          0          0          0          0         92   dmul.o
        46          0          0          0          0         80   dscalb.o
       162          0          0          0          0        100   dsqrt.o
        38          0          0          0          0         68   f2d.o
       108          0          0          0          0        168   fepilogue.o
        50          0          0          0          0         68   ffixi.o

    ----------------------------------------------------------------------
     10188        722        432         56        100      26148   Library Totals
        18          0          0          3          4          0   (incl. Padding)

    ----------------------------------------------------------------------

      Code (inc. data)   RO Data    RW Data    ZI Data      Debug   Library Name

      2924        338          0         37         96      22328   RTX_CM3.LIB
      4572        320        432          0          0       1244   m_ws.l
       968         60          0         16          0        980   mc_w.l
      1706          4          0          0          0       1596   mf_w.l

    ----------------------------------------------------------------------
     10188        722        432         56        100      26148   Library Totals

    ----------------------------------------------------------------------

==============================================================================


      Code (inc. data)   RO Data    RW Data    ZI Data      Debug   

     19900       1298       8844       2716      27148     107432   Grand Totals
     19900       1298       8844        968      27148     107432   ELF Image Totals (compressed)
     19900       1298       8844        968          0          0   ROM Totals

==============================================================================

    Total RO  Size (Code + RO Data)                28744 (  28.07kB)
    Total RW  Size (RW Data + ZI Data)             29864 (  29.16kB)
    Total ROM Size (Code + RO Data + RW Data)      29712 (  29.02kB)

==============================================================================

